2025-05-02 11:01:24 INFO  o.s.c.s.PostProcessorRegistrationDelegate$BeanPostProcessorChecker - Bean 'org.springframework.cloud.autoconfigure.ConfigurationPropertiesRebinderAutoConfiguration' of type [org.springframework.cloud.autoconfigure.ConfigurationPropertiesRebinderAutoConfiguration$$EnhancerBySpringCGLIB$$d2e6b6c5] is not eligible for getting processed by all BeanPostProcessors (for example: not eligible for auto-proxying)
2025-05-02 11:01:24 INFO  o.s.c.c.c.ConfigServicePropertySourceLocator - Fetching config from server at : http://localhost:8100
2025-05-02 11:01:24 INFO  o.s.c.c.c.ConfigServicePropertySourceLocator - Located environment: name=details, profiles=[dev], label=null, version=bcc72c594ad2149a0093b20ff9e2a7d73dba8cd1, state=null
2025-05-02 11:01:24 INFO  o.s.c.b.c.PropertySourceBootstrapConfiguration - Located property source: CompositePropertySource {name='configService', propertySources=[MapPropertySource {name='configClient'}, MapPropertySource {name='file:///Users/yulin/Documents/Antra/weather-master/properties/details-dev.properties'}]}
2025-05-02 11:01:24 INFO  c.example.details.DetailsApplication - The following profiles are active: dev
2025-05-02 11:01:24 WARN  o.s.boot.actuate.endpoint.EndpointId - Endpoint ID 'service-registry' contains invalid characters, please migrate to a valid format.
2025-05-02 11:01:24 INFO  o.s.cloud.context.scope.GenericScope - BeanFactory id=bc308a84-0aed-3c39-8088-92435f9595b3
2025-05-02 11:01:24 INFO  o.s.c.s.PostProcessorRegistrationDelegate$BeanPostProcessorChecker - Bean 'org.springframework.cloud.autoconfigure.ConfigurationPropertiesRebinderAutoConfiguration' of type [org.springframework.cloud.autoconfigure.ConfigurationPropertiesRebinderAutoConfiguration$$EnhancerBySpringCGLIB$$d2e6b6c5] is not eligible for getting processed by all BeanPostProcessors (for example: not eligible for auto-proxying)
2025-05-02 11:01:24 INFO  o.s.b.w.e.tomcat.TomcatWebServer - Tomcat initialized with port(s): 9400 (http)
2025-05-02 11:01:24 INFO  o.a.coyote.http11.Http11NioProtocol - Initializing ProtocolHandler ["http-nio-9400"]
2025-05-02 11:01:24 INFO  o.a.catalina.core.StandardService - Starting service [Tomcat]
2025-05-02 11:01:24 INFO  o.a.catalina.core.StandardEngine - Starting Servlet engine: [Apache Tomcat/9.0.22]
2025-05-02 11:01:24 INFO  o.a.c.c.C.[Tomcat].[localhost].[/] - Initializing Spring embedded WebApplicationContext
2025-05-02 11:01:24 INFO  o.s.web.context.ContextLoader - Root WebApplicationContext: initialization completed in 453 ms
2025-05-02 11:01:24 WARN  c.n.c.sources.URLConfigurationSource - No URLs will be polled as dynamic configuration sources.
2025-05-02 11:01:24 INFO  c.n.c.sources.URLConfigurationSource - To enable URLs as dynamic configuration sources, define System property archaius.configurationSource.additionalUrls or make config.properties available on classpath.
2025-05-02 11:01:24 INFO  c.n.config.DynamicPropertyFactory - DynamicPropertyFactory is initialized with configuration sources: com.netflix.config.ConcurrentCompositeConfiguration@70b33256
2025-05-02 11:01:24 WARN  c.n.c.sources.URLConfigurationSource - No URLs will be polled as dynamic configuration sources.
2025-05-02 11:01:24 INFO  c.n.c.sources.URLConfigurationSource - To enable URLs as dynamic configuration sources, define System property archaius.configurationSource.additionalUrls or make config.properties available on classpath.
2025-05-02 11:01:24 INFO  o.s.s.c.ThreadPoolTaskExecutor - Initializing ExecutorService 'applicationTaskExecutor'
2025-05-02 11:01:25 INFO  o.s.b.a.e.web.EndpointLinksResolver - Exposing 3 endpoint(s) beneath base path '/actuator'
2025-05-02 11:01:25 INFO  o.s.c.n.eureka.InstanceInfoFactory - Setting initial instance status as: STARTING
2025-05-02 11:01:25 INFO  c.netflix.discovery.DiscoveryClient - Initializing Eureka in region us-east-1
2025-05-02 11:01:25 INFO  c.n.d.p.DiscoveryJerseyProvider - Using JSON encoding codec LegacyJacksonJson
2025-05-02 11:01:25 INFO  c.n.d.p.DiscoveryJerseyProvider - Using JSON decoding codec LegacyJacksonJson
2025-05-02 11:01:25 INFO  c.n.d.p.DiscoveryJerseyProvider - Using XML encoding codec XStreamXml
2025-05-02 11:01:25 INFO  c.n.d.p.DiscoveryJerseyProvider - Using XML decoding codec XStreamXml
2025-05-02 11:01:25 INFO  c.n.d.s.r.aws.ConfigClusterResolver - Resolving eureka endpoints via configuration
2025-05-02 11:01:25 INFO  c.netflix.discovery.DiscoveryClient - Disable delta property : false
2025-05-02 11:01:25 INFO  c.netflix.discovery.DiscoveryClient - Single vip registry refresh property : null
2025-05-02 11:01:25 INFO  c.netflix.discovery.DiscoveryClient - Force full registry fetch : false
2025-05-02 11:01:25 INFO  c.netflix.discovery.DiscoveryClient - Application is null : false
2025-05-02 11:01:25 INFO  c.netflix.discovery.DiscoveryClient - Registered Applications size is zero : true
2025-05-02 11:01:25 INFO  c.netflix.discovery.DiscoveryClient - Application version is -1: true
2025-05-02 11:01:25 INFO  c.netflix.discovery.DiscoveryClient - Getting all instance registry info from the eureka server
2025-05-02 11:01:25 INFO  c.netflix.discovery.DiscoveryClient - The response status is 200
2025-05-02 11:01:25 INFO  c.netflix.discovery.DiscoveryClient - Starting heartbeat executor: renew interval is: 10
2025-05-02 11:01:25 INFO  c.n.discovery.InstanceInfoReplicator - InstanceInfoReplicator onDemand update allowed rate per min is 4
2025-05-02 11:01:25 INFO  c.netflix.discovery.DiscoveryClient - Discovery Client initialized at timestamp 1746208885338 with initial instances count: 0
2025-05-02 11:01:25 INFO  o.s.c.n.e.s.EurekaServiceRegistry - Registering application DETAILS with eureka with status UP
2025-05-02 11:01:25 INFO  c.netflix.discovery.DiscoveryClient - Saw local status change event StatusChangeEvent [timestamp=1746208885339, current=UP, previous=STARTING]
2025-05-02 11:01:25 INFO  c.netflix.discovery.DiscoveryClient - DiscoveryClient_DETAILS/10.0.0.98:details:9400: registering service...
2025-05-02 11:01:25 INFO  o.a.coyote.http11.Http11NioProtocol - Starting ProtocolHandler ["http-nio-9400"]
2025-05-02 11:01:25 INFO  c.netflix.discovery.DiscoveryClient - DiscoveryClient_DETAILS/10.0.0.98:details:9400 - registration status: 204
2025-05-02 11:01:25 INFO  o.s.b.w.e.tomcat.TomcatWebServer - Tomcat started on port(s): 9400 (http) with context path ''
2025-05-02 11:01:25 INFO  o.s.c.n.e.s.EurekaAutoServiceRegistration - Updating port to 9400
2025-05-02 11:01:25 INFO  c.example.details.DetailsApplication - Started DetailsApplication in 1.447 seconds (JVM running for 1.687)
2025-05-02 11:01:25 INFO  o.a.c.c.C.[Tomcat].[localhost].[/] - Initializing Spring DispatcherServlet 'dispatcherServlet'
2025-05-02 11:01:25 INFO  o.s.web.servlet.DispatcherServlet - Initializing Servlet 'dispatcherServlet'
2025-05-02 11:01:25 INFO  o.s.c.c.c.ConfigServicePropertySourceLocator - Fetching config from server at : http://localhost:8100
2025-05-02 11:01:25 INFO  o.s.web.servlet.DispatcherServlet - Completed initialization in 5 ms
2025-05-02 11:01:25 INFO  o.s.c.c.c.ConfigServicePropertySourceLocator - Located environment: name=details, profiles=[dev], label=null, version=bcc72c594ad2149a0093b20ff9e2a7d73dba8cd1, state=null
2025-05-02 11:01:55 INFO  c.netflix.discovery.DiscoveryClient - Disable delta property : false
2025-05-02 11:01:55 INFO  c.netflix.discovery.DiscoveryClient - Single vip registry refresh property : null
2025-05-02 11:01:55 INFO  c.netflix.discovery.DiscoveryClient - Force full registry fetch : false
2025-05-02 11:01:55 INFO  c.netflix.discovery.DiscoveryClient - Application is null : false
2025-05-02 11:01:55 INFO  c.netflix.discovery.DiscoveryClient - Registered Applications size is zero : true
2025-05-02 11:01:55 INFO  c.netflix.discovery.DiscoveryClient - Application version is -1: false
2025-05-02 11:01:55 INFO  c.netflix.discovery.DiscoveryClient - Getting all instance registry info from the eureka server
2025-05-02 11:01:55 INFO  c.netflix.discovery.DiscoveryClient - The response status is 200
2025-05-02 11:06:25 INFO  c.n.d.s.r.aws.ConfigClusterResolver - Resolving eureka endpoints via configuration
2025-05-02 11:09:35 ERROR c.n.d.s.t.d.RedirectingEurekaHttpClient - Request execution error. endpoint=DefaultEndpoint{ serviceUrl='http://localhost:8761/eureka/}
com.sun.jersey.api.client.ClientHandlerException: java.net.ConnectException: Connection refused (Connection refused)
	at com.sun.jersey.client.apache4.ApacheHttpClient4Handler.handle(ApacheHttpClient4Handler.java:187)
	at com.sun.jersey.api.client.filter.GZIPContentEncodingFilter.handle(GZIPContentEncodingFilter.java:123)
	at com.netflix.discovery.EurekaIdentityHeaderFilter.handle(EurekaIdentityHeaderFilter.java:27)
	at com.sun.jersey.api.client.Client.handle(Client.java:652)
	at com.sun.jersey.api.client.WebResource.handle(WebResource.java:682)
	at com.sun.jersey.api.client.WebResource.access$200(WebResource.java:74)
	at com.sun.jersey.api.client.WebResource$Builder.put(WebResource.java:529)
	at com.netflix.discovery.shared.transport.jersey.AbstractJerseyEurekaHttpClient.sendHeartBeat(AbstractJerseyEurekaHttpClient.java:102)
	at com.netflix.discovery.shared.transport.decorator.EurekaHttpClientDecorator$3.execute(EurekaHttpClientDecorator.java:92)
	at com.netflix.discovery.shared.transport.decorator.MetricsCollectingEurekaHttpClient.execute(MetricsCollectingEurekaHttpClient.java:73)
	at com.netflix.discovery.shared.transport.decorator.EurekaHttpClientDecorator.sendHeartBeat(EurekaHttpClientDecorator.java:89)
	at com.netflix.discovery.shared.transport.decorator.EurekaHttpClientDecorator$3.execute(EurekaHttpClientDecorator.java:92)
	at com.netflix.discovery.shared.transport.decorator.RedirectingEurekaHttpClient.execute(RedirectingEurekaHttpClient.java:89)
	at com.netflix.discovery.shared.transport.decorator.EurekaHttpClientDecorator.sendHeartBeat(EurekaHttpClientDecorator.java:89)
	at com.netflix.discovery.shared.transport.decorator.EurekaHttpClientDecorator$3.execute(EurekaHttpClientDecorator.java:92)
	at com.netflix.discovery.shared.transport.decorator.RetryableEurekaHttpClient.execute(RetryableEurekaHttpClient.java:120)
	at com.netflix.discovery.shared.transport.decorator.EurekaHttpClientDecorator.sendHeartBeat(EurekaHttpClientDecorator.java:89)
	at com.netflix.discovery.shared.transport.decorator.EurekaHttpClientDecorator$3.execute(EurekaHttpClientDecorator.java:92)
	at com.netflix.discovery.shared.transport.decorator.SessionedEurekaHttpClient.execute(SessionedEurekaHttpClient.java:77)
	at com.netflix.discovery.shared.transport.decorator.EurekaHttpClientDecorator.sendHeartBeat(EurekaHttpClientDecorator.java:89)
	at com.netflix.discovery.DiscoveryClient.renew(DiscoveryClient.java:864)
	at com.netflix.discovery.DiscoveryClient$HeartbeatThread.run(DiscoveryClient.java:1423)
	at java.base/java.util.concurrent.Executors$RunnableAdapter.call(Executors.java:515)
	at java.base/java.util.concurrent.FutureTask.run(FutureTask.java:264)
	at java.base/java.util.concurrent.ThreadPoolExecutor.runWorker(ThreadPoolExecutor.java:1128)
	at java.base/java.util.concurrent.ThreadPoolExecutor$Worker.run(ThreadPoolExecutor.java:628)
	at java.base/java.lang.Thread.run(Thread.java:829)
Caused by: java.net.ConnectException: Connection refused (Connection refused)
	at java.base/java.net.PlainSocketImpl.socketConnect(Native Method)
	at java.base/java.net.AbstractPlainSocketImpl.doConnect(AbstractPlainSocketImpl.java:412)
	at java.base/java.net.AbstractPlainSocketImpl.connectToAddress(AbstractPlainSocketImpl.java:255)
	at java.base/java.net.AbstractPlainSocketImpl.connect(AbstractPlainSocketImpl.java:237)
	at java.base/java.net.SocksSocketImpl.connect(SocksSocketImpl.java:392)
	at java.base/java.net.Socket.connect(Socket.java:609)
	at org.apache.http.conn.scheme.PlainSocketFactory.connectSocket(PlainSocketFactory.java:121)
	at org.apache.http.impl.conn.DefaultClientConnectionOperator.openConnection(DefaultClientConnectionOperator.java:180)
	at org.apache.http.impl.conn.AbstractPoolEntry.open(AbstractPoolEntry.java:144)
	at org.apache.http.impl.conn.AbstractPooledConnAdapter.open(AbstractPooledConnAdapter.java:134)
	at org.apache.http.impl.client.DefaultRequestDirector.tryConnect(DefaultRequestDirector.java:605)
	at org.apache.http.impl.client.DefaultRequestDirector.execute(DefaultRequestDirector.java:440)
	at org.apache.http.impl.client.AbstractHttpClient.doExecute(AbstractHttpClient.java:835)
	at org.apache.http.impl.client.CloseableHttpClient.execute(CloseableHttpClient.java:118)
	at org.apache.http.impl.client.CloseableHttpClient.execute(CloseableHttpClient.java:56)
	at com.sun.jersey.client.apache4.ApacheHttpClient4Handler.handle(ApacheHttpClient4Handler.java:173)
	... 26 common frames omitted
2025-05-02 11:09:35 WARN  c.n.d.s.t.d.RetryableEurekaHttpClient - Request execution failed with message: java.net.ConnectException: Connection refused (Connection refused)
2025-05-02 11:09:35 ERROR c.n.d.s.t.d.RedirectingEurekaHttpClient - Request execution error. endpoint=DefaultEndpoint{ serviceUrl='http://localhost:8761/eureka/}
com.sun.jersey.api.client.ClientHandlerException: java.net.ConnectException: Connection refused (Connection refused)
	at com.sun.jersey.client.apache4.ApacheHttpClient4Handler.handle(ApacheHttpClient4Handler.java:187)
	at com.sun.jersey.api.client.filter.GZIPContentEncodingFilter.handle(GZIPContentEncodingFilter.java:123)
	at com.netflix.discovery.EurekaIdentityHeaderFilter.handle(EurekaIdentityHeaderFilter.java:27)
	at com.sun.jersey.api.client.Client.handle(Client.java:652)
	at com.sun.jersey.api.client.WebResource.handle(WebResource.java:682)
	at com.sun.jersey.api.client.WebResource.access$200(WebResource.java:74)
	at com.sun.jersey.api.client.WebResource$Builder.put(WebResource.java:529)
	at com.netflix.discovery.shared.transport.jersey.AbstractJerseyEurekaHttpClient.sendHeartBeat(AbstractJerseyEurekaHttpClient.java:102)
	at com.netflix.discovery.shared.transport.decorator.EurekaHttpClientDecorator$3.execute(EurekaHttpClientDecorator.java:92)
	at com.netflix.discovery.shared.transport.decorator.MetricsCollectingEurekaHttpClient.execute(MetricsCollectingEurekaHttpClient.java:73)
	at com.netflix.discovery.shared.transport.decorator.EurekaHttpClientDecorator.sendHeartBeat(EurekaHttpClientDecorator.java:89)
	at com.netflix.discovery.shared.transport.decorator.EurekaHttpClientDecorator$3.execute(EurekaHttpClientDecorator.java:92)
	at com.netflix.discovery.shared.transport.decorator.RedirectingEurekaHttpClient.executeOnNewServer(RedirectingEurekaHttpClient.java:118)
	at com.netflix.discovery.shared.transport.decorator.RedirectingEurekaHttpClient.execute(RedirectingEurekaHttpClient.java:79)
	at com.netflix.discovery.shared.transport.decorator.EurekaHttpClientDecorator.sendHeartBeat(EurekaHttpClientDecorator.java:89)
	at com.netflix.discovery.shared.transport.decorator.EurekaHttpClientDecorator$3.execute(EurekaHttpClientDecorator.java:92)
	at com.netflix.discovery.shared.transport.decorator.RetryableEurekaHttpClient.execute(RetryableEurekaHttpClient.java:120)
	at com.netflix.discovery.shared.transport.decorator.EurekaHttpClientDecorator.sendHeartBeat(EurekaHttpClientDecorator.java:89)
	at com.netflix.discovery.shared.transport.decorator.EurekaHttpClientDecorator$3.execute(EurekaHttpClientDecorator.java:92)
	at com.netflix.discovery.shared.transport.decorator.SessionedEurekaHttpClient.execute(SessionedEurekaHttpClient.java:77)
	at com.netflix.discovery.shared.transport.decorator.EurekaHttpClientDecorator.sendHeartBeat(EurekaHttpClientDecorator.java:89)
	at com.netflix.discovery.DiscoveryClient.renew(DiscoveryClient.java:864)
	at com.netflix.discovery.DiscoveryClient$HeartbeatThread.run(DiscoveryClient.java:1423)
	at java.base/java.util.concurrent.Executors$RunnableAdapter.call(Executors.java:515)
	at java.base/java.util.concurrent.FutureTask.run(FutureTask.java:264)
	at java.base/java.util.concurrent.ThreadPoolExecutor.runWorker(ThreadPoolExecutor.java:1128)
	at java.base/java.util.concurrent.ThreadPoolExecutor$Worker.run(ThreadPoolExecutor.java:628)
	at java.base/java.lang.Thread.run(Thread.java:829)
Caused by: java.net.ConnectException: Connection refused (Connection refused)
	at java.base/java.net.PlainSocketImpl.socketConnect(Native Method)
	at java.base/java.net.AbstractPlainSocketImpl.doConnect(AbstractPlainSocketImpl.java:412)
	at java.base/java.net.AbstractPlainSocketImpl.connectToAddress(AbstractPlainSocketImpl.java:255)
	at java.base/java.net.AbstractPlainSocketImpl.connect(AbstractPlainSocketImpl.java:237)
	at java.base/java.net.SocksSocketImpl.connect(SocksSocketImpl.java:392)
	at java.base/java.net.Socket.connect(Socket.java:609)
	at org.apache.http.conn.scheme.PlainSocketFactory.connectSocket(PlainSocketFactory.java:121)
	at org.apache.http.impl.conn.DefaultClientConnectionOperator.openConnection(DefaultClientConnectionOperator.java:180)
	at org.apache.http.impl.conn.AbstractPoolEntry.open(AbstractPoolEntry.java:144)
	at org.apache.http.impl.conn.AbstractPooledConnAdapter.open(AbstractPooledConnAdapter.java:134)
	at org.apache.http.impl.client.DefaultRequestDirector.tryConnect(DefaultRequestDirector.java:605)
	at org.apache.http.impl.client.DefaultRequestDirector.execute(DefaultRequestDirector.java:440)
	at org.apache.http.impl.client.AbstractHttpClient.doExecute(AbstractHttpClient.java:835)
	at org.apache.http.impl.client.CloseableHttpClient.execute(CloseableHttpClient.java:118)
	at org.apache.http.impl.client.CloseableHttpClient.execute(CloseableHttpClient.java:56)
	at com.sun.jersey.client.apache4.ApacheHttpClient4Handler.handle(ApacheHttpClient4Handler.java:173)
	... 27 common frames omitted
2025-05-02 11:09:35 WARN  c.n.d.s.t.d.RetryableEurekaHttpClient - Request execution failed with message: java.net.ConnectException: Connection refused (Connection refused)
2025-05-02 11:09:35 ERROR c.netflix.discovery.DiscoveryClient - DiscoveryClient_DETAILS/10.0.0.98:details:9400 - was unable to send heartbeat!
com.netflix.discovery.shared.transport.TransportException: Cannot execute request on any known server
	at com.netflix.discovery.shared.transport.decorator.RetryableEurekaHttpClient.execute(RetryableEurekaHttpClient.java:112)
	at com.netflix.discovery.shared.transport.decorator.EurekaHttpClientDecorator.sendHeartBeat(EurekaHttpClientDecorator.java:89)
	at com.netflix.discovery.shared.transport.decorator.EurekaHttpClientDecorator$3.execute(EurekaHttpClientDecorator.java:92)
	at com.netflix.discovery.shared.transport.decorator.SessionedEurekaHttpClient.execute(SessionedEurekaHttpClient.java:77)
	at com.netflix.discovery.shared.transport.decorator.EurekaHttpClientDecorator.sendHeartBeat(EurekaHttpClientDecorator.java:89)
	at com.netflix.discovery.DiscoveryClient.renew(DiscoveryClient.java:864)
	at com.netflix.discovery.DiscoveryClient$HeartbeatThread.run(DiscoveryClient.java:1423)
	at java.base/java.util.concurrent.Executors$RunnableAdapter.call(Executors.java:515)
	at java.base/java.util.concurrent.FutureTask.run(FutureTask.java:264)
	at java.base/java.util.concurrent.ThreadPoolExecutor.runWorker(ThreadPoolExecutor.java:1128)
	at java.base/java.util.concurrent.ThreadPoolExecutor$Worker.run(ThreadPoolExecutor.java:628)
	at java.base/java.lang.Thread.run(Thread.java:829)
2025-05-02 11:09:45 INFO  c.netflix.discovery.DiscoveryClient - DiscoveryClient_DETAILS/10.0.0.98:details:9400 - Re-registering apps/DETAILS
2025-05-02 11:09:45 INFO  c.netflix.discovery.DiscoveryClient - DiscoveryClient_DETAILS/10.0.0.98:details:9400: registering service...
2025-05-02 11:09:45 INFO  c.netflix.discovery.DiscoveryClient - DiscoveryClient_DETAILS/10.0.0.98:details:9400 - registration status: 204
2025-05-02 11:11:25 INFO  c.n.d.s.r.aws.ConfigClusterResolver - Resolving eureka endpoints via configuration
2025-05-02 11:12:16 INFO  c.netflix.discovery.DiscoveryClient - DiscoveryClient_DETAILS/10.0.0.98:details:9400 - Re-registering apps/DETAILS
2025-05-02 11:12:16 INFO  c.netflix.discovery.DiscoveryClient - DiscoveryClient_DETAILS/10.0.0.98:details:9400: registering service...
2025-05-02 11:12:16 INFO  c.netflix.discovery.DiscoveryClient - DiscoveryClient_DETAILS/10.0.0.98:details:9400 - registration status: 204
2025-05-02 11:12:38 INFO  o.s.c.n.e.s.EurekaServiceRegistry - Unregistering application DETAILS with eureka with status DOWN
2025-05-02 11:12:38 WARN  c.netflix.discovery.DiscoveryClient - Saw local status change event StatusChangeEvent [timestamp=1746209558953, current=DOWN, previous=UP]
2025-05-02 11:12:38 INFO  c.netflix.discovery.DiscoveryClient - DiscoveryClient_DETAILS/10.0.0.98:details:9400: registering service...
2025-05-02 11:12:38 INFO  c.netflix.discovery.DiscoveryClient - DiscoveryClient_DETAILS/10.0.0.98:details:9400 - registration status: 204
2025-05-02 11:12:38 INFO  o.s.s.c.ThreadPoolTaskExecutor - Shutting down ExecutorService 'applicationTaskExecutor'
2025-05-02 11:12:38 INFO  c.netflix.discovery.DiscoveryClient - Shutting down DiscoveryClient ...
2025-05-02 11:12:41 INFO  c.netflix.discovery.DiscoveryClient - Unregistering ...
2025-05-02 11:12:41 INFO  c.netflix.discovery.DiscoveryClient - DiscoveryClient_DETAILS/10.0.0.98:details:9400 - deregister  status: 200
2025-05-02 11:12:41 INFO  c.netflix.discovery.DiscoveryClient - Completed shut down of DiscoveryClient
2025-05-02 11:12:43 INFO  o.s.c.s.PostProcessorRegistrationDelegate$BeanPostProcessorChecker - Bean 'org.springframework.cloud.autoconfigure.ConfigurationPropertiesRebinderAutoConfiguration' of type [org.springframework.cloud.autoconfigure.ConfigurationPropertiesRebinderAutoConfiguration$$EnhancerBySpringCGLIB$$4071408b] is not eligible for getting processed by all BeanPostProcessors (for example: not eligible for auto-proxying)
2025-05-02 11:12:43 INFO  o.s.c.c.c.ConfigServicePropertySourceLocator - Fetching config from server at : http://localhost:8100
2025-05-02 11:12:43 INFO  o.s.c.c.c.ConfigServicePropertySourceLocator - Located environment: name=details, profiles=[dev], label=null, version=33b2aaa106a723e7c72c302ddf690d5a8b53ea0d, state=null
2025-05-02 11:12:43 INFO  o.s.c.b.c.PropertySourceBootstrapConfiguration - Located property source: CompositePropertySource {name='configService', propertySources=[MapPropertySource {name='configClient'}, MapPropertySource {name='file:///Users/yulin/Documents/Antra/weather-master/properties/details-dev.properties'}]}
2025-05-02 11:12:43 INFO  c.example.details.DetailsApplication - The following profiles are active: dev
2025-05-02 11:12:43 WARN  o.s.boot.actuate.endpoint.EndpointId - Endpoint ID 'service-registry' contains invalid characters, please migrate to a valid format.
2025-05-02 11:12:43 INFO  o.s.cloud.context.scope.GenericScope - BeanFactory id=bc308a84-0aed-3c39-8088-92435f9595b3
2025-05-02 11:12:43 INFO  o.s.c.s.PostProcessorRegistrationDelegate$BeanPostProcessorChecker - Bean 'org.springframework.cloud.autoconfigure.ConfigurationPropertiesRebinderAutoConfiguration' of type [org.springframework.cloud.autoconfigure.ConfigurationPropertiesRebinderAutoConfiguration$$EnhancerBySpringCGLIB$$4071408b] is not eligible for getting processed by all BeanPostProcessors (for example: not eligible for auto-proxying)
2025-05-02 11:12:43 INFO  o.s.b.w.e.tomcat.TomcatWebServer - Tomcat initialized with port(s): 9400 (http)
2025-05-02 11:12:43 INFO  o.a.coyote.http11.Http11NioProtocol - Initializing ProtocolHandler ["http-nio-9400"]
2025-05-02 11:12:43 INFO  o.a.catalina.core.StandardService - Starting service [Tomcat]
2025-05-02 11:12:43 INFO  o.a.catalina.core.StandardEngine - Starting Servlet engine: [Apache Tomcat/9.0.22]
2025-05-02 11:12:43 INFO  o.a.c.c.C.[Tomcat].[localhost].[/] - Initializing Spring embedded WebApplicationContext
2025-05-02 11:12:43 INFO  o.s.web.context.ContextLoader - Root WebApplicationContext: initialization completed in 470 ms
2025-05-02 11:12:44 WARN  c.n.c.sources.URLConfigurationSource - No URLs will be polled as dynamic configuration sources.
2025-05-02 11:12:44 INFO  c.n.c.sources.URLConfigurationSource - To enable URLs as dynamic configuration sources, define System property archaius.configurationSource.additionalUrls or make config.properties available on classpath.
2025-05-02 11:12:44 INFO  c.n.config.DynamicPropertyFactory - DynamicPropertyFactory is initialized with configuration sources: com.netflix.config.ConcurrentCompositeConfiguration@214b342f
2025-05-02 11:12:44 WARN  c.n.c.sources.URLConfigurationSource - No URLs will be polled as dynamic configuration sources.
2025-05-02 11:12:44 INFO  c.n.c.sources.URLConfigurationSource - To enable URLs as dynamic configuration sources, define System property archaius.configurationSource.additionalUrls or make config.properties available on classpath.
2025-05-02 11:12:44 INFO  o.s.s.c.ThreadPoolTaskExecutor - Initializing ExecutorService 'applicationTaskExecutor'
2025-05-02 11:12:44 INFO  o.s.b.a.e.web.EndpointLinksResolver - Exposing 3 endpoint(s) beneath base path '/actuator'
2025-05-02 11:12:44 INFO  o.s.c.n.eureka.InstanceInfoFactory - Setting initial instance status as: STARTING
2025-05-02 11:12:44 INFO  c.netflix.discovery.DiscoveryClient - Initializing Eureka in region us-east-1
2025-05-02 11:12:44 INFO  c.n.d.p.DiscoveryJerseyProvider - Using JSON encoding codec LegacyJacksonJson
2025-05-02 11:12:44 INFO  c.n.d.p.DiscoveryJerseyProvider - Using JSON decoding codec LegacyJacksonJson
2025-05-02 11:12:44 INFO  c.n.d.p.DiscoveryJerseyProvider - Using XML encoding codec XStreamXml
2025-05-02 11:12:44 INFO  c.n.d.p.DiscoveryJerseyProvider - Using XML decoding codec XStreamXml
2025-05-02 11:12:44 INFO  c.n.d.s.r.aws.ConfigClusterResolver - Resolving eureka endpoints via configuration
2025-05-02 11:12:44 INFO  c.netflix.discovery.DiscoveryClient - Disable delta property : false
2025-05-02 11:12:44 INFO  c.netflix.discovery.DiscoveryClient - Single vip registry refresh property : null
2025-05-02 11:12:44 INFO  c.netflix.discovery.DiscoveryClient - Force full registry fetch : false
2025-05-02 11:12:44 INFO  c.netflix.discovery.DiscoveryClient - Application is null : false
2025-05-02 11:12:44 INFO  c.netflix.discovery.DiscoveryClient - Registered Applications size is zero : true
2025-05-02 11:12:44 INFO  c.netflix.discovery.DiscoveryClient - Application version is -1: true
2025-05-02 11:12:44 INFO  c.netflix.discovery.DiscoveryClient - Getting all instance registry info from the eureka server
2025-05-02 11:12:44 INFO  c.netflix.discovery.DiscoveryClient - The response status is 200
2025-05-02 11:12:44 INFO  c.netflix.discovery.DiscoveryClient - Starting heartbeat executor: renew interval is: 10
2025-05-02 11:12:44 INFO  c.n.discovery.InstanceInfoReplicator - InstanceInfoReplicator onDemand update allowed rate per min is 4
2025-05-02 11:12:44 INFO  c.netflix.discovery.DiscoveryClient - Discovery Client initialized at timestamp 1746209564630 with initial instances count: 3
2025-05-02 11:12:44 INFO  o.s.c.n.e.s.EurekaServiceRegistry - Registering application DETAILS with eureka with status UP
2025-05-02 11:12:44 INFO  c.netflix.discovery.DiscoveryClient - Saw local status change event StatusChangeEvent [timestamp=1746209564631, current=UP, previous=STARTING]
2025-05-02 11:12:44 INFO  c.netflix.discovery.DiscoveryClient - DiscoveryClient_DETAILS/10.0.0.98:details:9400: registering service...
2025-05-02 11:12:44 INFO  o.a.coyote.http11.Http11NioProtocol - Starting ProtocolHandler ["http-nio-9400"]
2025-05-02 11:12:44 INFO  c.netflix.discovery.DiscoveryClient - DiscoveryClient_DETAILS/10.0.0.98:details:9400 - registration status: 204
2025-05-02 11:12:44 INFO  o.s.b.w.e.tomcat.TomcatWebServer - Tomcat started on port(s): 9400 (http) with context path ''
2025-05-02 11:12:44 INFO  o.s.c.n.e.s.EurekaAutoServiceRegistration - Updating port to 9400
2025-05-02 11:12:44 INFO  c.example.details.DetailsApplication - Started DetailsApplication in 1.538 seconds (JVM running for 1.888)
2025-05-02 11:12:45 INFO  o.a.c.c.C.[Tomcat].[localhost].[/] - Initializing Spring DispatcherServlet 'dispatcherServlet'
2025-05-02 11:12:45 INFO  o.s.web.servlet.DispatcherServlet - Initializing Servlet 'dispatcherServlet'
2025-05-02 11:12:45 INFO  o.s.c.c.c.ConfigServicePropertySourceLocator - Fetching config from server at : http://localhost:8100
2025-05-02 11:12:45 INFO  o.s.web.servlet.DispatcherServlet - Completed initialization in 5 ms
2025-05-02 11:12:45 INFO  o.s.c.c.c.ConfigServicePropertySourceLocator - Located environment: name=details, profiles=[dev], label=null, version=33b2aaa106a723e7c72c302ddf690d5a8b53ea0d, state=null
2025-05-02 11:17:44 INFO  c.n.d.s.r.aws.ConfigClusterResolver - Resolving eureka endpoints via configuration
2025-05-02 11:22:44 INFO  c.n.d.s.r.aws.ConfigClusterResolver - Resolving eureka endpoints via configuration
