2025-05-02 10:52:04 INFO  o.s.c.s.PostProcessorRegistrationDelegate$BeanPostProcessorChecker - Bean 'org.springframework.cloud.autoconfigure.ConfigurationPropertiesRebinderAutoConfiguration' of type [org.springframework.cloud.autoconfigure.ConfigurationPropertiesRebinderAutoConfiguration$$EnhancerBySpringCGLIB$$8d843fd0] is not eligible for getting processed by all BeanPostProcessors (for example: not eligible for auto-proxying)
2025-05-02 10:52:04 INFO  com.example.config.ConfigApplication - No active profile set, falling back to default profiles: default
2025-05-02 10:52:04 INFO  o.s.cloud.context.scope.GenericScope - BeanFactory id=42a4f72a-1205-3ffc-8e01-416d222f8f88
2025-05-02 10:52:04 INFO  o.s.c.s.PostProcessorRegistrationDelegate$BeanPostProcessorChecker - Bean 'org.springframework.cloud.autoconfigure.ConfigurationPropertiesRebinderAutoConfiguration' of type [org.springframework.cloud.autoconfigure.ConfigurationPropertiesRebinderAutoConfiguration$$EnhancerBySpringCGLIB$$8d843fd0] is not eligible for getting processed by all BeanPostProcessors (for example: not eligible for auto-proxying)
2025-05-02 10:52:04 INFO  o.s.b.w.e.tomcat.TomcatWebServer - Tomcat initialized with port(s): 8100 (http)
2025-05-02 10:52:04 INFO  o.a.coyote.http11.Http11NioProtocol - Initializing ProtocolHandler ["http-nio-8100"]
2025-05-02 10:52:04 INFO  o.a.catalina.core.StandardService - Starting service [Tomcat]
2025-05-02 10:52:04 INFO  o.a.catalina.core.StandardEngine - Starting Servlet engine: [Apache Tomcat/9.0.22]
2025-05-02 10:52:04 INFO  o.a.c.c.C.[Tomcat].[localhost].[/] - Initializing Spring embedded WebApplicationContext
2025-05-02 10:52:04 INFO  o.s.web.context.ContextLoader - Root WebApplicationContext: initialization completed in 367 ms
2025-05-02 10:52:05 INFO  o.s.s.c.ThreadPoolTaskExecutor - Initializing ExecutorService 'applicationTaskExecutor'
2025-05-02 10:52:05 INFO  o.s.b.a.e.web.EndpointLinksResolver - Exposing 18 endpoint(s) beneath base path '/actuator'
2025-05-02 10:52:05 INFO  o.a.coyote.http11.Http11NioProtocol - Starting ProtocolHandler ["http-nio-8100"]
2025-05-02 10:52:05 INFO  o.s.b.w.e.tomcat.TomcatWebServer - Tomcat started on port(s): 8100 (http) with context path ''
2025-05-02 10:52:05 INFO  com.example.config.ConfigApplication - Started ConfigApplication in 1.02 seconds (JVM running for 1.478)
2025-05-02 10:52:05 INFO  o.a.c.c.C.[Tomcat].[localhost].[/] - Initializing Spring DispatcherServlet 'dispatcherServlet'
2025-05-02 10:52:05 INFO  o.s.web.servlet.DispatcherServlet - Initializing Servlet 'dispatcherServlet'
2025-05-02 10:52:05 INFO  o.s.web.servlet.DispatcherServlet - Completed initialization in 3 ms
2025-05-02 10:52:05 INFO  o.s.c.c.s.e.MultipleJGitEnvironmentRepository - Cannot pull from remote null, the working tree is not clean.
2025-05-02 10:52:05 WARN  o.s.c.c.s.e.MultipleJGitEnvironmentRepository - Could not merge remote for main remote: null
2025-05-02 10:52:05 WARN  o.s.c.c.s.e.MultipleJGitEnvironmentRepository - The local repository is dirty or ahead of origin. Resetting it to origin/main.
2025-05-02 10:52:05 WARN  o.s.c.c.s.e.MultipleJGitEnvironmentRepository - Could not reset to remote for main (current ref=refs/remotes/origin/main), remote: null
2025-05-02 10:52:14 INFO  o.s.c.c.s.e.MultipleJGitEnvironmentRepository - Cannot pull from remote null, the working tree is not clean.
2025-05-02 10:52:14 WARN  o.s.c.c.s.e.MultipleJGitEnvironmentRepository - Could not merge remote for main remote: null
2025-05-02 10:52:14 WARN  o.s.c.c.s.e.MultipleJGitEnvironmentRepository - The local repository is dirty or ahead of origin. Resetting it to origin/main.
2025-05-02 10:52:14 WARN  o.s.c.c.s.e.MultipleJGitEnvironmentRepository - Could not reset to remote for main (current ref=refs/remotes/origin/main), remote: null
2025-05-02 10:52:14 INFO  o.s.c.c.s.e.NativeEnvironmentRepository - Adding property source: file:/Users/yulin/Documents/Antra/weather-master/properties/discovery-service-dev.properties
2025-05-02 10:52:15 INFO  o.s.c.c.s.e.MultipleJGitEnvironmentRepository - Cannot pull from remote null, the working tree is not clean.
2025-05-02 10:52:15 WARN  o.s.c.c.s.e.MultipleJGitEnvironmentRepository - Could not merge remote for main remote: null
2025-05-02 10:52:15 WARN  o.s.c.c.s.e.MultipleJGitEnvironmentRepository - The local repository is dirty or ahead of origin. Resetting it to origin/main.
2025-05-02 10:52:15 WARN  o.s.c.c.s.e.MultipleJGitEnvironmentRepository - Could not reset to remote for main (current ref=refs/remotes/origin/main), remote: null
2025-05-02 10:52:15 INFO  o.s.c.c.s.e.NativeEnvironmentRepository - Adding property source: file:/Users/yulin/Documents/Antra/weather-master/properties/discovery-service-dev.properties
2025-05-02 10:52:18 INFO  o.s.s.c.ThreadPoolTaskExecutor - Shutting down ExecutorService 'applicationTaskExecutor'
2025-05-02 10:52:21 INFO  o.s.c.s.PostProcessorRegistrationDelegate$BeanPostProcessorChecker - Bean 'org.springframework.cloud.autoconfigure.ConfigurationPropertiesRebinderAutoConfiguration' of type [org.springframework.cloud.autoconfigure.ConfigurationPropertiesRebinderAutoConfiguration$$EnhancerBySpringCGLIB$$cd6b48f1] is not eligible for getting processed by all BeanPostProcessors (for example: not eligible for auto-proxying)
2025-05-02 10:52:21 INFO  com.example.config.ConfigApplication - No active profile set, falling back to default profiles: default
2025-05-02 10:52:21 INFO  o.s.cloud.context.scope.GenericScope - BeanFactory id=42a4f72a-1205-3ffc-8e01-416d222f8f88
2025-05-02 10:52:21 INFO  o.s.c.s.PostProcessorRegistrationDelegate$BeanPostProcessorChecker - Bean 'org.springframework.cloud.autoconfigure.ConfigurationPropertiesRebinderAutoConfiguration' of type [org.springframework.cloud.autoconfigure.ConfigurationPropertiesRebinderAutoConfiguration$$EnhancerBySpringCGLIB$$cd6b48f1] is not eligible for getting processed by all BeanPostProcessors (for example: not eligible for auto-proxying)
2025-05-02 10:52:21 INFO  o.s.b.w.e.tomcat.TomcatWebServer - Tomcat initialized with port(s): 8100 (http)
2025-05-02 10:52:21 INFO  o.a.coyote.http11.Http11NioProtocol - Initializing ProtocolHandler ["http-nio-8100"]
2025-05-02 10:52:21 INFO  o.a.catalina.core.StandardService - Starting service [Tomcat]
2025-05-02 10:52:21 INFO  o.a.catalina.core.StandardEngine - Starting Servlet engine: [Apache Tomcat/9.0.22]
2025-05-02 10:52:21 INFO  o.a.c.c.C.[Tomcat].[localhost].[/] - Initializing Spring embedded WebApplicationContext
2025-05-02 10:52:21 INFO  o.s.web.context.ContextLoader - Root WebApplicationContext: initialization completed in 391 ms
2025-05-02 10:52:21 INFO  o.s.s.c.ThreadPoolTaskExecutor - Initializing ExecutorService 'applicationTaskExecutor'
2025-05-02 10:52:21 INFO  o.s.b.a.e.web.EndpointLinksResolver - Exposing 18 endpoint(s) beneath base path '/actuator'
2025-05-02 10:52:21 INFO  o.a.coyote.http11.Http11NioProtocol - Starting ProtocolHandler ["http-nio-8100"]
2025-05-02 10:52:21 INFO  o.s.b.w.e.tomcat.TomcatWebServer - Tomcat started on port(s): 8100 (http) with context path ''
2025-05-02 10:52:21 INFO  com.example.config.ConfigApplication - Started ConfigApplication in 1.136 seconds (JVM running for 1.488)
2025-05-02 10:52:22 INFO  o.a.c.c.C.[Tomcat].[localhost].[/] - Initializing Spring DispatcherServlet 'dispatcherServlet'
2025-05-02 10:52:22 INFO  o.s.web.servlet.DispatcherServlet - Initializing Servlet 'dispatcherServlet'
2025-05-02 10:52:22 INFO  o.s.web.servlet.DispatcherServlet - Completed initialization in 3 ms
2025-05-02 10:52:22 INFO  o.s.c.c.s.e.MultipleJGitEnvironmentRepository - Cannot pull from remote null, the working tree is not clean.
2025-05-02 10:52:22 WARN  o.s.c.c.s.e.MultipleJGitEnvironmentRepository - Could not merge remote for main remote: null
2025-05-02 10:52:22 WARN  o.s.c.c.s.e.MultipleJGitEnvironmentRepository - The local repository is dirty or ahead of origin. Resetting it to origin/main.
2025-05-02 10:52:22 WARN  o.s.c.c.s.e.MultipleJGitEnvironmentRepository - Could not reset to remote for main (current ref=refs/remotes/origin/main), remote: null
2025-05-02 10:54:28 INFO  o.s.s.c.ThreadPoolTaskExecutor - Shutting down ExecutorService 'applicationTaskExecutor'
