2025-05-02 10:52:13 INFO  o.s.c.s.PostProcessorRegistrationDelegate$BeanPostProcessorChecker - Bean 'org.springframework.cloud.autoconfigure.ConfigurationPropertiesRebinderAutoConfiguration' of type [org.springframework.cloud.autoconfigure.ConfigurationPropertiesRebinderAutoConfiguration$$EnhancerBySpringCGLIB$$6be413c5] is not eligible for getting processed by all BeanPostProcessors (for example: not eligible for auto-proxying)
2025-05-02 10:52:14 INFO  o.s.c.c.c.ConfigServicePropertySourceLocator - Fetching config from server at : http://localhost:8100
2025-05-02 10:52:14 INFO  o.s.c.c.c.ConfigServicePropertySourceLocator - Located environment: name=discovery-service, profiles=[dev], label=null, version=bcc72c594ad2149a0093b20ff9e2a7d73dba8cd1, state=null
2025-05-02 10:52:14 INFO  o.s.c.b.c.PropertySourceBootstrapConfiguration - Located property source: CompositePropertySource {name='configService', propertySources=[MapPropertySource {name='configClient'}, MapPropertySource {name='file:///Users/yulin/Documents/Antra/weather-master/properties/discovery-service-dev.properties'}]}
2025-05-02 10:52:14 INFO  c.e.d.DiscoveryServerApplication - The following profiles are active: dev
2025-05-02 10:52:14 WARN  o.s.boot.actuate.endpoint.EndpointId - Endpoint ID 'service-registry' contains invalid characters, please migrate to a valid format.
2025-05-02 10:52:14 INFO  o.s.cloud.context.scope.GenericScope - BeanFactory id=e538fd92-755a-345d-a0bd-e81c5ee88d42
2025-05-02 10:52:14 INFO  o.s.c.s.PostProcessorRegistrationDelegate$BeanPostProcessorChecker - Bean 'org.springframework.cloud.autoconfigure.ConfigurationPropertiesRebinderAutoConfiguration' of type [org.springframework.cloud.autoconfigure.ConfigurationPropertiesRebinderAutoConfiguration$$EnhancerBySpringCGLIB$$6be413c5] is not eligible for getting processed by all BeanPostProcessors (for example: not eligible for auto-proxying)
2025-05-02 10:52:14 INFO  o.s.b.w.e.tomcat.TomcatWebServer - Tomcat initialized with port(s): 8761 (http)
2025-05-02 10:52:14 INFO  o.a.coyote.http11.Http11NioProtocol - Initializing ProtocolHandler ["http-nio-8761"]
2025-05-02 10:52:14 INFO  o.a.catalina.core.StandardService - Starting service [Tomcat]
2025-05-02 10:52:14 INFO  o.a.catalina.core.StandardEngine - Starting Servlet engine: [Apache Tomcat/9.0.22]
2025-05-02 10:52:14 INFO  o.a.c.c.C.[Tomcat].[localhost].[/] - Initializing Spring embedded WebApplicationContext
2025-05-02 10:52:14 INFO  o.s.web.context.ContextLoader - Root WebApplicationContext: initialization completed in 430 ms
2025-05-02 10:52:14 WARN  c.n.c.sources.URLConfigurationSource - No URLs will be polled as dynamic configuration sources.
2025-05-02 10:52:14 INFO  c.n.c.sources.URLConfigurationSource - To enable URLs as dynamic configuration sources, define System property archaius.configurationSource.additionalUrls or make config.properties available on classpath.
2025-05-02 10:52:14 INFO  c.n.config.DynamicPropertyFactory - DynamicPropertyFactory is initialized with configuration sources: com.netflix.config.ConcurrentCompositeConfiguration@5ba1b62e
2025-05-02 10:52:14 INFO  c.s.j.s.i.a.WebApplicationImpl - Initiating Jersey application, version 'Jersey: 1.19.1 03/11/2016 02:08 PM'
2025-05-02 10:52:14 INFO  c.n.d.p.DiscoveryJerseyProvider - Using JSON encoding codec LegacyJacksonJson
2025-05-02 10:52:14 INFO  c.n.d.p.DiscoveryJerseyProvider - Using JSON decoding codec LegacyJacksonJson
2025-05-02 10:52:14 INFO  c.n.d.p.DiscoveryJerseyProvider - Using XML encoding codec XStreamXml
2025-05-02 10:52:14 INFO  c.n.d.p.DiscoveryJerseyProvider - Using XML decoding codec XStreamXml
2025-05-02 10:52:14 WARN  c.n.c.sources.URLConfigurationSource - No URLs will be polled as dynamic configuration sources.
2025-05-02 10:52:14 INFO  c.n.c.sources.URLConfigurationSource - To enable URLs as dynamic configuration sources, define System property archaius.configurationSource.additionalUrls or make config.properties available on classpath.
2025-05-02 10:52:15 INFO  o.s.s.c.ThreadPoolTaskExecutor - Initializing ExecutorService 'applicationTaskExecutor'
2025-05-02 10:52:15 INFO  o.s.c.n.eureka.InstanceInfoFactory - Setting initial instance status as: STARTING
2025-05-02 10:52:15 INFO  c.netflix.discovery.DiscoveryClient - Initializing Eureka in region us-east-1
2025-05-02 10:52:15 INFO  c.netflix.discovery.DiscoveryClient - Client configured to neither register nor query for data.
2025-05-02 10:52:15 INFO  c.netflix.discovery.DiscoveryClient - Discovery Client initialized at timestamp 1746208335192 with initial instances count: 0
2025-05-02 10:52:15 INFO  c.n.e.DefaultEurekaServerContext - Initializing ...
2025-05-02 10:52:15 INFO  c.n.eureka.cluster.PeerEurekaNodes - Adding new peer nodes [http://localhost:8761/eureka/]
2025-05-02 10:52:15 INFO  c.n.d.p.DiscoveryJerseyProvider - Using JSON encoding codec LegacyJacksonJson
2025-05-02 10:52:15 INFO  c.n.d.p.DiscoveryJerseyProvider - Using JSON decoding codec LegacyJacksonJson
2025-05-02 10:52:15 INFO  c.n.d.p.DiscoveryJerseyProvider - Using XML encoding codec XStreamXml
2025-05-02 10:52:15 INFO  c.n.d.p.DiscoveryJerseyProvider - Using XML decoding codec XStreamXml
2025-05-02 10:52:15 INFO  c.n.eureka.cluster.PeerEurekaNodes - Replica node URL:  http://localhost:8761/eureka/
2025-05-02 10:52:15 INFO  c.n.e.r.AbstractInstanceRegistry - Finished initializing remote region registries. All known remote regions: []
2025-05-02 10:52:15 INFO  c.n.e.DefaultEurekaServerContext - Initialized
2025-05-02 10:52:15 INFO  o.s.b.a.e.web.EndpointLinksResolver - Exposing 3 endpoint(s) beneath base path '/actuator'
2025-05-02 10:52:15 INFO  o.s.c.n.e.s.EurekaServiceRegistry - Registering application DISCOVERY-SERVICE with eureka with status UP
2025-05-02 10:52:15 INFO  o.s.c.n.e.s.EurekaServerBootstrap - Setting the eureka configuration..
2025-05-02 10:52:15 INFO  o.s.c.n.e.s.EurekaServerBootstrap - Eureka data center value eureka.datacenter is not set, defaulting to default
2025-05-02 10:52:15 INFO  o.s.c.n.e.s.EurekaServerBootstrap - Eureka environment value eureka.environment is not set, defaulting to test
2025-05-02 10:52:15 INFO  o.s.c.n.e.s.EurekaServerBootstrap - isAws returned false
2025-05-02 10:52:15 INFO  o.s.c.n.e.s.EurekaServerBootstrap - Initialized server context
2025-05-02 10:52:15 INFO  c.n.e.r.PeerAwareInstanceRegistryImpl - Got 1 instances from neighboring DS node
2025-05-02 10:52:15 INFO  c.n.e.r.PeerAwareInstanceRegistryImpl - Renew threshold is: 1
2025-05-02 10:52:15 INFO  c.n.e.r.PeerAwareInstanceRegistryImpl - Changing status to UP
2025-05-02 10:52:15 INFO  o.s.c.n.e.s.EurekaServerInitializerConfiguration - Started Eureka Server
2025-05-02 10:52:15 INFO  o.a.coyote.http11.Http11NioProtocol - Starting ProtocolHandler ["http-nio-8761"]
2025-05-02 10:52:15 INFO  o.s.b.w.e.tomcat.TomcatWebServer - Tomcat started on port(s): 8761 (http) with context path ''
2025-05-02 10:52:15 INFO  o.s.c.n.e.s.EurekaAutoServiceRegistration - Updating port to 8761
2025-05-02 10:52:15 INFO  c.e.d.DiscoveryServerApplication - Started DiscoveryServerApplication in 1.615 seconds (JVM running for 1.973)
2025-05-02 10:52:15 INFO  o.a.c.c.C.[Tomcat].[localhost].[/] - Initializing Spring DispatcherServlet 'dispatcherServlet'
2025-05-02 10:52:15 INFO  o.s.web.servlet.DispatcherServlet - Initializing Servlet 'dispatcherServlet'
2025-05-02 10:52:15 INFO  o.s.c.c.c.ConfigServicePropertySourceLocator - Fetching config from server at : http://localhost:8100
2025-05-02 10:52:15 INFO  o.s.web.servlet.DispatcherServlet - Completed initialization in 4 ms
2025-05-02 10:52:15 INFO  o.s.c.c.c.ConfigServicePropertySourceLocator - Located environment: name=discovery-service, profiles=[dev], label=null, version=bcc72c594ad2149a0093b20ff9e2a7d73dba8cd1, state=null
2025-05-02 10:52:20 WARN  c.n.e.r.AbstractInstanceRegistry - DS: Registry: lease doesn't exist, registering resource: DETAILS - 10.0.0.98:details:9400
2025-05-02 10:52:20 WARN  c.n.e.resources.InstanceResource - Not Found (Renew): DETAILS - 10.0.0.98:details:9400
2025-05-02 10:52:20 INFO  c.n.e.r.AbstractInstanceRegistry - Registered instance DETAILS/10.0.0.98:details:9400 with status UP (replication=false)
2025-05-02 10:52:20 INFO  c.n.e.r.AbstractInstanceRegistry - Registered instance DETAILS/10.0.0.98:details:9400 with status UP (replication=true)
2025-05-02 10:52:25 WARN  c.n.e.r.AbstractInstanceRegistry - DS: Registry: lease doesn't exist, registering resource: GATEWAY - 10.0.0.98:gateway:8200
2025-05-02 10:52:25 WARN  c.n.e.resources.InstanceResource - Not Found (Renew): GATEWAY - 10.0.0.98:gateway:8200
2025-05-02 10:52:25 INFO  c.n.e.r.AbstractInstanceRegistry - Registered instance GATEWAY/10.0.0.98:gateway:8200 with status UP (replication=false)
2025-05-02 10:52:25 WARN  c.n.e.r.AbstractInstanceRegistry - DS: Registry: lease doesn't exist, registering resource: SEARCH - 10.0.0.98:search:9001
2025-05-02 10:52:25 WARN  c.n.e.resources.InstanceResource - Not Found (Renew): SEARCH - 10.0.0.98:search:9001
2025-05-02 10:52:25 INFO  c.n.e.r.AbstractInstanceRegistry - Registered instance SEARCH/10.0.0.98:search:9001 with status UP (replication=false)
2025-05-02 10:52:25 INFO  c.n.e.r.AbstractInstanceRegistry - Registered instance GATEWAY/10.0.0.98:gateway:8200 with status UP (replication=true)
2025-05-02 10:52:25 INFO  c.n.e.r.AbstractInstanceRegistry - Registered instance SEARCH/10.0.0.98:search:9001 with status UP (replication=true)
2025-05-02 10:52:39 WARN  c.n.e.r.AbstractInstanceRegistry - DS: Registry: lease doesn't exist, registering resource: STUDENT-MANAGEMENT-SERVICE - 10.0.0.98:student-management-service:8080
2025-05-02 10:52:39 WARN  c.n.e.resources.InstanceResource - Not Found (Renew): STUDENT-MANAGEMENT-SERVICE - 10.0.0.98:student-management-service:8080
2025-05-02 10:52:39 INFO  c.n.e.r.AbstractInstanceRegistry - Registered instance STUDENT-MANAGEMENT-SERVICE/10.0.0.98:student-management-service:8080 with status UP (replication=false)
2025-05-02 10:52:40 INFO  c.n.e.r.AbstractInstanceRegistry - Registered instance STUDENT-MANAGEMENT-SERVICE/10.0.0.98:student-management-service:8080 with status UP (replication=true)
2025-05-02 10:53:15 INFO  c.n.e.r.AbstractInstanceRegistry - Running the evict task with compensationTime 0ms
2025-05-02 10:54:15 INFO  c.n.e.r.AbstractInstanceRegistry - Running the evict task with compensationTime 3ms
2025-05-02 10:54:40 INFO  o.s.c.n.e.s.EurekaServiceRegistry - Unregistering application DISCOVERY-SERVICE with eureka with status DOWN
2025-05-02 10:54:40 INFO  c.n.e.DefaultEurekaServerContext - Shutting down ...
2025-05-02 10:54:40 INFO  c.n.e.DefaultEurekaServerContext - Shut down
2025-05-02 10:54:40 INFO  o.s.s.c.ThreadPoolTaskExecutor - Shutting down ExecutorService 'applicationTaskExecutor'
2025-05-02 10:54:40 INFO  c.netflix.discovery.DiscoveryClient - Shutting down DiscoveryClient ...
2025-05-02 10:54:40 INFO  c.netflix.discovery.DiscoveryClient - Completed shut down of DiscoveryClient
