2025-05-02 10:23:04 INFO  o.s.c.s.PostProcessorRegistrationDelegate$BeanPostProcessorChecker - Bean 'org.springframework.cloud.autoconfigure.ConfigurationPropertiesRebinderAutoConfiguration' of type [org.springframework.cloud.autoconfigure.ConfigurationPropertiesRebinderAutoConfiguration$$EnhancerBySpringCGLIB$$7a4cb211] is not eligible for getting processed by all BeanPostProcessors (for example: not eligible for auto-proxying)
2025-05-02 10:23:04 INFO  o.s.c.c.c.ConfigServicePropertySourceLocator - Fetching config from server at : http://localhost:8100
2025-05-02 10:23:04 INFO  o.s.c.c.c.ConfigServicePropertySourceLocator - Located environment: name=search, profiles=[dev], label=null, version=b44128be1d916f9bcdcbc883c68ec484b9c14e02, state=null
2025-05-02 10:23:04 INFO  o.s.c.b.c.PropertySourceBootstrapConfiguration - Located property source: CompositePropertySource {name='configService', propertySources=[MapPropertySource {name='configClient'}, MapPropertySource {name='file:///Users/yulin/Documents/Antra/weather-master/properties/search-dev.properties'}]}
2025-05-02 10:23:04 INFO  com.example.search.SearchApplication - The following profiles are active: dev
2025-05-02 10:23:04 WARN  o.s.boot.actuate.endpoint.EndpointId - Endpoint ID 'service-registry' contains invalid characters, please migrate to a valid format.
2025-05-02 10:23:04 WARN  o.s.boot.actuate.endpoint.EndpointId - Endpoint ID 'hystrix.stream' contains invalid characters, please migrate to a valid format.
2025-05-02 10:23:04 INFO  o.s.cloud.context.scope.GenericScope - BeanFactory id=f4fe88b3-79c6-3a52-b088-925ee7ee4e46
2025-05-02 10:23:04 INFO  o.s.c.s.PostProcessorRegistrationDelegate$BeanPostProcessorChecker - Bean 'org.springframework.cloud.autoconfigure.ConfigurationPropertiesRebinderAutoConfiguration' of type [org.springframework.cloud.autoconfigure.ConfigurationPropertiesRebinderAutoConfiguration$$EnhancerBySpringCGLIB$$7a4cb211] is not eligible for getting processed by all BeanPostProcessors (for example: not eligible for auto-proxying)
2025-05-02 10:23:04 INFO  o.s.b.w.e.tomcat.TomcatWebServer - Tomcat initialized with port(s): 9001 (http)
2025-05-02 10:23:04 INFO  o.a.coyote.http11.Http11NioProtocol - Initializing ProtocolHandler ["http-nio-9001"]
2025-05-02 10:23:04 INFO  o.a.catalina.core.StandardService - Starting service [Tomcat]
2025-05-02 10:23:04 INFO  o.a.catalina.core.StandardEngine - Starting Servlet engine: [Apache Tomcat/9.0.22]
2025-05-02 10:23:04 INFO  o.a.c.c.C.[Tomcat].[localhost].[/] - Initializing Spring embedded WebApplicationContext
2025-05-02 10:23:04 INFO  o.s.web.context.ContextLoader - Root WebApplicationContext: initialization completed in 521 ms
2025-05-02 10:23:05 WARN  c.n.c.sources.URLConfigurationSource - No URLs will be polled as dynamic configuration sources.
2025-05-02 10:23:05 INFO  c.n.c.sources.URLConfigurationSource - To enable URLs as dynamic configuration sources, define System property archaius.configurationSource.additionalUrls or make config.properties available on classpath.
2025-05-02 10:23:05 INFO  c.n.config.DynamicPropertyFactory - DynamicPropertyFactory is initialized with configuration sources: com.netflix.config.ConcurrentCompositeConfiguration@6d0114c0
2025-05-02 10:23:05 WARN  c.n.c.sources.URLConfigurationSource - No URLs will be polled as dynamic configuration sources.
2025-05-02 10:23:05 INFO  c.n.c.sources.URLConfigurationSource - To enable URLs as dynamic configuration sources, define System property archaius.configurationSource.additionalUrls or make config.properties available on classpath.
2025-05-02 10:23:05 INFO  o.s.s.c.ThreadPoolTaskExecutor - Initializing ExecutorService 'applicationTaskExecutor'
2025-05-02 10:23:05 INFO  o.s.b.a.e.web.EndpointLinksResolver - Exposing 3 endpoint(s) beneath base path '/actuator'
2025-05-02 10:23:05 INFO  o.s.c.n.eureka.InstanceInfoFactory - Setting initial instance status as: STARTING
2025-05-02 10:23:05 INFO  c.netflix.discovery.DiscoveryClient - Initializing Eureka in region us-east-1
2025-05-02 10:23:05 INFO  c.n.d.p.DiscoveryJerseyProvider - Using JSON encoding codec LegacyJacksonJson
2025-05-02 10:23:05 INFO  c.n.d.p.DiscoveryJerseyProvider - Using JSON decoding codec LegacyJacksonJson
2025-05-02 10:23:05 INFO  c.n.d.p.DiscoveryJerseyProvider - Using XML encoding codec XStreamXml
2025-05-02 10:23:05 INFO  c.n.d.p.DiscoveryJerseyProvider - Using XML decoding codec XStreamXml
2025-05-02 10:23:05 INFO  c.n.d.s.r.aws.ConfigClusterResolver - Resolving eureka endpoints via configuration
2025-05-02 10:23:05 INFO  c.netflix.discovery.DiscoveryClient - Disable delta property : false
2025-05-02 10:23:05 INFO  c.netflix.discovery.DiscoveryClient - Single vip registry refresh property : null
2025-05-02 10:23:05 INFO  c.netflix.discovery.DiscoveryClient - Force full registry fetch : false
2025-05-02 10:23:05 INFO  c.netflix.discovery.DiscoveryClient - Application is null : false
2025-05-02 10:23:05 INFO  c.netflix.discovery.DiscoveryClient - Registered Applications size is zero : true
2025-05-02 10:23:05 INFO  c.netflix.discovery.DiscoveryClient - Application version is -1: true
2025-05-02 10:23:05 INFO  c.netflix.discovery.DiscoveryClient - Getting all instance registry info from the eureka server
2025-05-02 10:23:05 INFO  c.netflix.discovery.DiscoveryClient - The response status is 200
2025-05-02 10:23:05 INFO  c.netflix.discovery.DiscoveryClient - Starting heartbeat executor: renew interval is: 30
2025-05-02 10:23:05 INFO  c.n.discovery.InstanceInfoReplicator - InstanceInfoReplicator onDemand update allowed rate per min is 4
2025-05-02 10:23:05 INFO  c.netflix.discovery.DiscoveryClient - Discovery Client initialized at timestamp 1746206585743 with initial instances count: 3
2025-05-02 10:23:05 INFO  o.s.c.n.e.s.EurekaServiceRegistry - Registering application SEARCH with eureka with status UP
2025-05-02 10:23:05 INFO  c.netflix.discovery.DiscoveryClient - Saw local status change event StatusChangeEvent [timestamp=1746206585745, current=UP, previous=STARTING]
2025-05-02 10:23:05 INFO  c.netflix.discovery.DiscoveryClient - DiscoveryClient_SEARCH/10.0.0.98:search:9001: registering service...
2025-05-02 10:23:05 INFO  o.a.coyote.http11.Http11NioProtocol - Starting ProtocolHandler ["http-nio-9001"]
2025-05-02 10:23:05 INFO  c.netflix.discovery.DiscoveryClient - DiscoveryClient_SEARCH/10.0.0.98:search:9001 - registration status: 204
2025-05-02 10:23:05 INFO  o.s.b.w.e.tomcat.TomcatWebServer - Tomcat started on port(s): 9001 (http) with context path ''
2025-05-02 10:23:05 INFO  o.s.c.n.e.s.EurekaAutoServiceRegistration - Updating port to 9001
2025-05-02 10:23:05 INFO  com.example.search.SearchApplication - Started SearchApplication in 1.707 seconds (JVM running for 1.952)
2025-05-02 10:23:05 INFO  com.example.search.SearchApplication - ✅ Search service started successfully!
2025-05-02 10:23:06 INFO  o.a.c.c.C.[Tomcat].[localhost].[/] - Initializing Spring DispatcherServlet 'dispatcherServlet'
2025-05-02 10:23:06 INFO  o.s.web.servlet.DispatcherServlet - Initializing Servlet 'dispatcherServlet'
2025-05-02 10:23:06 INFO  o.s.c.c.c.ConfigServicePropertySourceLocator - Fetching config from server at : http://localhost:8100
2025-05-02 10:23:06 INFO  o.s.web.servlet.DispatcherServlet - Completed initialization in 7 ms
2025-05-02 10:23:06 INFO  o.s.c.c.c.ConfigServicePropertySourceLocator - Located environment: name=search, profiles=[dev], label=null, version=b44128be1d916f9bcdcbc883c68ec484b9c14e02, state=null
2025-05-02 10:23:25 INFO  o.s.c.n.e.s.EurekaServiceRegistry - Unregistering application SEARCH with eureka with status DOWN
2025-05-02 10:23:25 WARN  c.netflix.discovery.DiscoveryClient - Saw local status change event StatusChangeEvent [timestamp=1746206605454, current=DOWN, previous=UP]
2025-05-02 10:23:25 INFO  c.netflix.discovery.DiscoveryClient - DiscoveryClient_SEARCH/10.0.0.98:search:9001: registering service...
2025-05-02 10:23:25 INFO  o.s.s.c.ThreadPoolTaskExecutor - Shutting down ExecutorService 'applicationTaskExecutor'
2025-05-02 10:23:25 INFO  c.netflix.discovery.DiscoveryClient - DiscoveryClient_SEARCH/10.0.0.98:search:9001 - registration status: 204
2025-05-02 10:23:25 INFO  c.netflix.discovery.DiscoveryClient - Shutting down DiscoveryClient ...
2025-05-02 10:23:28 INFO  c.netflix.discovery.DiscoveryClient - Unregistering ...
2025-05-02 10:23:28 INFO  c.netflix.discovery.DiscoveryClient - DiscoveryClient_SEARCH/10.0.0.98:search:9001 - deregister  status: 200
2025-05-02 10:23:28 INFO  c.netflix.discovery.DiscoveryClient - Completed shut down of DiscoveryClient
2025-05-02 10:25:37 INFO  o.s.c.s.PostProcessorRegistrationDelegate$BeanPostProcessorChecker - Bean 'org.springframework.cloud.autoconfigure.ConfigurationPropertiesRebinderAutoConfiguration' of type [org.springframework.cloud.autoconfigure.ConfigurationPropertiesRebinderAutoConfiguration$$EnhancerBySpringCGLIB$$4d6ce278] is not eligible for getting processed by all BeanPostProcessors (for example: not eligible for auto-proxying)
2025-05-02 10:25:37 INFO  o.s.c.c.c.ConfigServicePropertySourceLocator - Fetching config from server at : http://localhost:8100
2025-05-02 10:25:37 INFO  o.s.c.c.c.ConfigServicePropertySourceLocator - Located environment: name=search, profiles=[dev], label=null, version=b44128be1d916f9bcdcbc883c68ec484b9c14e02, state=null
2025-05-02 10:25:37 INFO  o.s.c.b.c.PropertySourceBootstrapConfiguration - Located property source: CompositePropertySource {name='configService', propertySources=[MapPropertySource {name='configClient'}, MapPropertySource {name='file:///Users/yulin/Documents/Antra/weather-master/properties/search-dev.properties'}]}
2025-05-02 10:25:37 INFO  com.example.search.SearchApplication - The following profiles are active: dev
2025-05-02 10:25:37 WARN  o.s.boot.actuate.endpoint.EndpointId - Endpoint ID 'service-registry' contains invalid characters, please migrate to a valid format.
2025-05-02 10:25:37 WARN  o.s.boot.actuate.endpoint.EndpointId - Endpoint ID 'hystrix.stream' contains invalid characters, please migrate to a valid format.
2025-05-02 10:25:37 INFO  o.s.cloud.context.scope.GenericScope - BeanFactory id=f4fe88b3-79c6-3a52-b088-925ee7ee4e46
2025-05-02 10:25:37 INFO  o.s.c.s.PostProcessorRegistrationDelegate$BeanPostProcessorChecker - Bean 'org.springframework.cloud.autoconfigure.ConfigurationPropertiesRebinderAutoConfiguration' of type [org.springframework.cloud.autoconfigure.ConfigurationPropertiesRebinderAutoConfiguration$$EnhancerBySpringCGLIB$$4d6ce278] is not eligible for getting processed by all BeanPostProcessors (for example: not eligible for auto-proxying)
2025-05-02 10:25:38 INFO  o.s.b.w.e.tomcat.TomcatWebServer - Tomcat initialized with port(s): 9001 (http)
2025-05-02 10:25:38 INFO  o.a.coyote.http11.Http11NioProtocol - Initializing ProtocolHandler ["http-nio-9001"]
2025-05-02 10:25:38 INFO  o.a.catalina.core.StandardService - Starting service [Tomcat]
2025-05-02 10:25:38 INFO  o.a.catalina.core.StandardEngine - Starting Servlet engine: [Apache Tomcat/9.0.22]
2025-05-02 10:25:38 INFO  o.a.c.c.C.[Tomcat].[localhost].[/] - Initializing Spring embedded WebApplicationContext
2025-05-02 10:25:38 INFO  o.s.web.context.ContextLoader - Root WebApplicationContext: initialization completed in 507 ms
2025-05-02 10:25:38 WARN  c.n.c.sources.URLConfigurationSource - No URLs will be polled as dynamic configuration sources.
2025-05-02 10:25:38 INFO  c.n.c.sources.URLConfigurationSource - To enable URLs as dynamic configuration sources, define System property archaius.configurationSource.additionalUrls or make config.properties available on classpath.
2025-05-02 10:25:38 INFO  c.n.config.DynamicPropertyFactory - DynamicPropertyFactory is initialized with configuration sources: com.netflix.config.ConcurrentCompositeConfiguration@184751f3
2025-05-02 10:25:38 WARN  c.n.c.sources.URLConfigurationSource - No URLs will be polled as dynamic configuration sources.
2025-05-02 10:25:38 INFO  c.n.c.sources.URLConfigurationSource - To enable URLs as dynamic configuration sources, define System property archaius.configurationSource.additionalUrls or make config.properties available on classpath.
2025-05-02 10:25:38 INFO  o.s.s.c.ThreadPoolTaskExecutor - Initializing ExecutorService 'applicationTaskExecutor'
2025-05-02 10:25:38 INFO  o.s.b.a.e.web.EndpointLinksResolver - Exposing 3 endpoint(s) beneath base path '/actuator'
2025-05-02 10:25:38 INFO  o.s.c.n.eureka.InstanceInfoFactory - Setting initial instance status as: STARTING
2025-05-02 10:25:38 INFO  c.netflix.discovery.DiscoveryClient - Initializing Eureka in region us-east-1
2025-05-02 10:25:38 INFO  c.n.d.p.DiscoveryJerseyProvider - Using JSON encoding codec LegacyJacksonJson
2025-05-02 10:25:38 INFO  c.n.d.p.DiscoveryJerseyProvider - Using JSON decoding codec LegacyJacksonJson
2025-05-02 10:25:38 INFO  c.n.d.p.DiscoveryJerseyProvider - Using XML encoding codec XStreamXml
2025-05-02 10:25:38 INFO  c.n.d.p.DiscoveryJerseyProvider - Using XML decoding codec XStreamXml
2025-05-02 10:25:38 INFO  c.n.d.s.r.aws.ConfigClusterResolver - Resolving eureka endpoints via configuration
2025-05-02 10:25:38 INFO  c.netflix.discovery.DiscoveryClient - Disable delta property : false
2025-05-02 10:25:38 INFO  c.netflix.discovery.DiscoveryClient - Single vip registry refresh property : null
2025-05-02 10:25:38 INFO  c.netflix.discovery.DiscoveryClient - Force full registry fetch : false
2025-05-02 10:25:38 INFO  c.netflix.discovery.DiscoveryClient - Application is null : false
2025-05-02 10:25:38 INFO  c.netflix.discovery.DiscoveryClient - Registered Applications size is zero : true
2025-05-02 10:25:38 INFO  c.netflix.discovery.DiscoveryClient - Application version is -1: true
2025-05-02 10:25:38 INFO  c.netflix.discovery.DiscoveryClient - Getting all instance registry info from the eureka server
2025-05-02 10:25:38 INFO  c.netflix.discovery.DiscoveryClient - The response status is 200
2025-05-02 10:25:38 INFO  c.netflix.discovery.DiscoveryClient - Starting heartbeat executor: renew interval is: 30
2025-05-02 10:25:38 INFO  c.n.discovery.InstanceInfoReplicator - InstanceInfoReplicator onDemand update allowed rate per min is 4
2025-05-02 10:25:38 INFO  c.netflix.discovery.DiscoveryClient - Discovery Client initialized at timestamp 1746206738914 with initial instances count: 4
2025-05-02 10:25:38 INFO  o.s.c.n.e.s.EurekaServiceRegistry - Registering application SEARCH with eureka with status UP
2025-05-02 10:25:38 INFO  c.netflix.discovery.DiscoveryClient - Saw local status change event StatusChangeEvent [timestamp=1746206738916, current=UP, previous=STARTING]
2025-05-02 10:25:38 INFO  c.netflix.discovery.DiscoveryClient - DiscoveryClient_SEARCH/10.0.0.98:search:9001: registering service...
2025-05-02 10:25:38 INFO  o.a.coyote.http11.Http11NioProtocol - Starting ProtocolHandler ["http-nio-9001"]
2025-05-02 10:25:38 INFO  c.netflix.discovery.DiscoveryClient - DiscoveryClient_SEARCH/10.0.0.98:search:9001 - registration status: 204
2025-05-02 10:25:38 INFO  o.s.b.w.e.tomcat.TomcatWebServer - Tomcat started on port(s): 9001 (http) with context path ''
2025-05-02 10:25:38 INFO  o.s.c.n.e.s.EurekaAutoServiceRegistration - Updating port to 9001
2025-05-02 10:25:38 INFO  com.example.search.SearchApplication - Started SearchApplication in 1.695 seconds (JVM running for 2.06)
2025-05-02 10:25:38 INFO  com.example.search.SearchApplication - ✅ Search service started successfully!
2025-05-02 10:25:39 INFO  o.a.c.c.C.[Tomcat].[localhost].[/] - Initializing Spring DispatcherServlet 'dispatcherServlet'
2025-05-02 10:25:39 INFO  o.s.web.servlet.DispatcherServlet - Initializing Servlet 'dispatcherServlet'
2025-05-02 10:25:39 INFO  o.s.c.c.c.ConfigServicePropertySourceLocator - Fetching config from server at : http://localhost:8100
2025-05-02 10:25:39 INFO  o.s.web.servlet.DispatcherServlet - Completed initialization in 6 ms
2025-05-02 10:25:39 INFO  o.s.c.c.c.ConfigServicePropertySourceLocator - Located environment: name=search, profiles=[dev], label=null, version=b44128be1d916f9bcdcbc883c68ec484b9c14e02, state=null
2025-05-02 10:30:38 INFO  c.n.d.s.r.aws.ConfigClusterResolver - Resolving eureka endpoints via configuration
2025-05-02 10:32:39 INFO  c.netflix.discovery.DiscoveryClient - DiscoveryClient_SEARCH/10.0.0.98:search:9001 - Re-registering apps/SEARCH
2025-05-02 10:32:39 INFO  c.netflix.discovery.DiscoveryClient - DiscoveryClient_SEARCH/10.0.0.98:search:9001: registering service...
2025-05-02 10:32:39 INFO  c.netflix.discovery.DiscoveryClient - DiscoveryClient_SEARCH/10.0.0.98:search:9001 - registration status: 204
2025-05-02 10:32:49 INFO  o.s.c.n.e.s.EurekaServiceRegistry - Unregistering application SEARCH with eureka with status DOWN
2025-05-02 10:32:49 WARN  c.netflix.discovery.DiscoveryClient - Saw local status change event StatusChangeEvent [timestamp=1746207169157, current=DOWN, previous=UP]
2025-05-02 10:32:49 INFO  c.netflix.discovery.DiscoveryClient - DiscoveryClient_SEARCH/10.0.0.98:search:9001: registering service...
2025-05-02 10:32:49 INFO  c.netflix.discovery.DiscoveryClient - DiscoveryClient_SEARCH/10.0.0.98:search:9001 - registration status: 204
2025-05-02 10:32:49 INFO  o.s.s.c.ThreadPoolTaskExecutor - Shutting down ExecutorService 'applicationTaskExecutor'
2025-05-02 10:32:49 INFO  c.netflix.discovery.DiscoveryClient - Shutting down DiscoveryClient ...
2025-05-02 10:32:52 INFO  c.netflix.discovery.DiscoveryClient - Unregistering ...
2025-05-02 10:32:52 INFO  c.netflix.discovery.DiscoveryClient - DiscoveryClient_SEARCH/10.0.0.98:search:9001 - deregister  status: 200
2025-05-02 10:32:52 INFO  c.netflix.discovery.DiscoveryClient - Completed shut down of DiscoveryClient
