2025-05-02 10:54:29 INFO  o.s.c.s.PostProcessorRegistrationDelegate$BeanPostProcessorChecker - Bean 'org.springframework.cloud.autoconfigure.ConfigurationPropertiesRebinderAutoConfiguration' of type [org.springframework.cloud.autoconfigure.ConfigurationPropertiesRebinderAutoConfiguration$$EnhancerBySpringCGLIB$$9a1790cc] is not eligible for getting processed by all BeanPostProcessors (for example: not eligible for auto-proxying)
2025-05-02 10:54:29 INFO  com.example.config.ConfigApplication - No active profile set, falling back to default profiles: default
2025-05-02 10:54:29 INFO  o.s.cloud.context.scope.GenericScope - BeanFactory id=42a4f72a-1205-3ffc-8e01-416d222f8f88
2025-05-02 10:54:29 INFO  o.s.c.s.PostProcessorRegistrationDelegate$BeanPostProcessorChecker - Bean 'org.springframework.cloud.autoconfigure.ConfigurationPropertiesRebinderAutoConfiguration' of type [org.springframework.cloud.autoconfigure.ConfigurationPropertiesRebinderAutoConfiguration$$EnhancerBySpringCGLIB$$9a1790cc] is not eligible for getting processed by all BeanPostProcessors (for example: not eligible for auto-proxying)
2025-05-02 10:54:29 INFO  o.s.b.w.e.tomcat.TomcatWebServer - Tomcat initialized with port(s): 8100 (http)
2025-05-02 10:54:29 INFO  o.a.coyote.http11.Http11NioProtocol - Initializing ProtocolHandler ["http-nio-8100"]
2025-05-02 10:54:29 INFO  o.a.catalina.core.StandardService - Starting service [Tomcat]
2025-05-02 10:54:29 INFO  o.a.catalina.core.StandardEngine - Starting Servlet engine: [Apache Tomcat/9.0.22]
2025-05-02 10:54:29 INFO  o.a.c.c.C.[Tomcat].[localhost].[/] - Initializing Spring embedded WebApplicationContext
2025-05-02 10:54:29 INFO  o.s.web.context.ContextLoader - Root WebApplicationContext: initialization completed in 375 ms
2025-05-02 10:54:30 INFO  o.s.s.c.ThreadPoolTaskExecutor - Initializing ExecutorService 'applicationTaskExecutor'
2025-05-02 10:54:30 INFO  o.s.b.a.e.web.EndpointLinksResolver - Exposing 18 endpoint(s) beneath base path '/actuator'
2025-05-02 10:54:30 INFO  o.a.coyote.http11.Http11NioProtocol - Starting ProtocolHandler ["http-nio-8100"]
2025-05-02 10:54:30 INFO  o.s.b.w.e.tomcat.TomcatWebServer - Tomcat started on port(s): 8100 (http) with context path ''
2025-05-02 10:54:30 INFO  com.example.config.ConfigApplication - Started ConfigApplication in 1.023 seconds (JVM running for 1.422)
2025-05-02 10:54:30 INFO  o.a.c.c.C.[Tomcat].[localhost].[/] - Initializing Spring DispatcherServlet 'dispatcherServlet'
2025-05-02 10:54:30 INFO  o.s.web.servlet.DispatcherServlet - Initializing Servlet 'dispatcherServlet'
2025-05-02 10:54:30 INFO  o.s.web.servlet.DispatcherServlet - Completed initialization in 4 ms
2025-05-02 10:54:30 INFO  o.s.c.c.s.e.MultipleJGitEnvironmentRepository - Cannot pull from remote null, the working tree is not clean.
2025-05-02 10:54:30 WARN  o.s.c.c.s.e.MultipleJGitEnvironmentRepository - Could not merge remote for main remote: null
2025-05-02 10:54:30 WARN  o.s.c.c.s.e.MultipleJGitEnvironmentRepository - The local repository is dirty or ahead of origin. Resetting it to origin/main.
2025-05-02 10:54:30 WARN  o.s.c.c.s.e.MultipleJGitEnvironmentRepository - Could not reset to remote for main (current ref=refs/remotes/origin/main), remote: null
2025-05-02 10:54:41 INFO  o.s.c.c.s.e.MultipleJGitEnvironmentRepository - Cannot pull from remote null, the working tree is not clean.
2025-05-02 10:54:41 WARN  o.s.c.c.s.e.MultipleJGitEnvironmentRepository - Could not merge remote for main remote: null
2025-05-02 10:54:41 WARN  o.s.c.c.s.e.MultipleJGitEnvironmentRepository - The local repository is dirty or ahead of origin. Resetting it to origin/main.
2025-05-02 10:54:41 WARN  o.s.c.c.s.e.MultipleJGitEnvironmentRepository - Could not reset to remote for main (current ref=refs/remotes/origin/main), remote: null
2025-05-02 10:54:41 INFO  o.s.c.c.s.e.NativeEnvironmentRepository - Adding property source: file:/Users/yulin/Documents/Antra/weather-master/properties/discovery-service-dev.properties
2025-05-02 10:54:43 INFO  o.s.c.c.s.e.MultipleJGitEnvironmentRepository - Cannot pull from remote null, the working tree is not clean.
2025-05-02 10:54:43 WARN  o.s.c.c.s.e.MultipleJGitEnvironmentRepository - Could not merge remote for main remote: null
2025-05-02 10:54:43 WARN  o.s.c.c.s.e.MultipleJGitEnvironmentRepository - The local repository is dirty or ahead of origin. Resetting it to origin/main.
2025-05-02 10:54:43 WARN  o.s.c.c.s.e.MultipleJGitEnvironmentRepository - Could not reset to remote for main (current ref=refs/remotes/origin/main), remote: null
2025-05-02 10:54:43 INFO  o.s.c.c.s.e.NativeEnvironmentRepository - Adding property source: file:/Users/yulin/Documents/Antra/weather-master/properties/discovery-service-dev.properties
2025-05-02 11:01:00 INFO  o.s.s.c.ThreadPoolTaskExecutor - Shutting down ExecutorService 'applicationTaskExecutor'
2025-05-02 11:01:01 INFO  o.s.c.s.PostProcessorRegistrationDelegate$BeanPostProcessorChecker - Bean 'org.springframework.cloud.autoconfigure.ConfigurationPropertiesRebinderAutoConfiguration' of type [org.springframework.cloud.autoconfigure.ConfigurationPropertiesRebinderAutoConfiguration$$EnhancerBySpringCGLIB$$9db86b4e] is not eligible for getting processed by all BeanPostProcessors (for example: not eligible for auto-proxying)
2025-05-02 11:01:01 INFO  com.example.config.ConfigApplication - No active profile set, falling back to default profiles: default
2025-05-02 11:01:01 INFO  o.s.cloud.context.scope.GenericScope - BeanFactory id=42a4f72a-1205-3ffc-8e01-416d222f8f88
2025-05-02 11:01:01 INFO  o.s.c.s.PostProcessorRegistrationDelegate$BeanPostProcessorChecker - Bean 'org.springframework.cloud.autoconfigure.ConfigurationPropertiesRebinderAutoConfiguration' of type [org.springframework.cloud.autoconfigure.ConfigurationPropertiesRebinderAutoConfiguration$$EnhancerBySpringCGLIB$$9db86b4e] is not eligible for getting processed by all BeanPostProcessors (for example: not eligible for auto-proxying)
2025-05-02 11:01:01 INFO  o.s.b.w.e.tomcat.TomcatWebServer - Tomcat initialized with port(s): 8100 (http)
2025-05-02 11:01:01 INFO  o.a.coyote.http11.Http11NioProtocol - Initializing ProtocolHandler ["http-nio-8100"]
2025-05-02 11:01:01 INFO  o.a.catalina.core.StandardService - Starting service [Tomcat]
2025-05-02 11:01:01 INFO  o.a.catalina.core.StandardEngine - Starting Servlet engine: [Apache Tomcat/9.0.22]
2025-05-02 11:01:01 INFO  o.a.c.c.C.[Tomcat].[localhost].[/] - Initializing Spring embedded WebApplicationContext
2025-05-02 11:01:01 INFO  o.s.web.context.ContextLoader - Root WebApplicationContext: initialization completed in 362 ms
2025-05-02 11:01:02 INFO  o.s.s.c.ThreadPoolTaskExecutor - Initializing ExecutorService 'applicationTaskExecutor'
2025-05-02 11:01:02 INFO  o.s.b.a.e.web.EndpointLinksResolver - Exposing 18 endpoint(s) beneath base path '/actuator'
2025-05-02 11:01:02 INFO  o.a.coyote.http11.Http11NioProtocol - Starting ProtocolHandler ["http-nio-8100"]
2025-05-02 11:01:02 INFO  o.s.b.w.e.tomcat.TomcatWebServer - Tomcat started on port(s): 8100 (http) with context path ''
2025-05-02 11:01:02 INFO  com.example.config.ConfigApplication - Started ConfigApplication in 1.032 seconds (JVM running for 1.404)
2025-05-02 11:01:02 INFO  o.a.c.c.C.[Tomcat].[localhost].[/] - Initializing Spring DispatcherServlet 'dispatcherServlet'
2025-05-02 11:01:02 INFO  o.s.web.servlet.DispatcherServlet - Initializing Servlet 'dispatcherServlet'
2025-05-02 11:01:02 INFO  o.s.web.servlet.DispatcherServlet - Completed initialization in 2 ms
2025-05-02 11:01:02 INFO  o.s.c.c.s.e.MultipleJGitEnvironmentRepository - Cannot pull from remote null, the working tree is not clean.
2025-05-02 11:01:02 WARN  o.s.c.c.s.e.MultipleJGitEnvironmentRepository - Could not merge remote for main remote: null
2025-05-02 11:01:02 WARN  o.s.c.c.s.e.MultipleJGitEnvironmentRepository - The local repository is dirty or ahead of origin. Resetting it to origin/main.
2025-05-02 11:01:02 WARN  o.s.c.c.s.e.MultipleJGitEnvironmentRepository - Could not reset to remote for main (current ref=refs/remotes/origin/main), remote: null
2025-05-02 11:01:06 INFO  o.s.c.c.s.e.MultipleJGitEnvironmentRepository - Cannot pull from remote null, the working tree is not clean.
2025-05-02 11:01:06 WARN  o.s.c.c.s.e.MultipleJGitEnvironmentRepository - Could not merge remote for main remote: null
2025-05-02 11:01:06 WARN  o.s.c.c.s.e.MultipleJGitEnvironmentRepository - The local repository is dirty or ahead of origin. Resetting it to origin/main.
2025-05-02 11:01:06 WARN  o.s.c.c.s.e.MultipleJGitEnvironmentRepository - Could not reset to remote for main (current ref=refs/remotes/origin/main), remote: null
2025-05-02 11:01:06 INFO  o.s.c.c.s.e.NativeEnvironmentRepository - Adding property source: file:/Users/yulin/Documents/Antra/weather-master/properties/discovery-service-dev.properties
2025-05-02 11:01:08 INFO  o.s.c.c.s.e.MultipleJGitEnvironmentRepository - Cannot pull from remote null, the working tree is not clean.
2025-05-02 11:01:08 WARN  o.s.c.c.s.e.MultipleJGitEnvironmentRepository - Could not merge remote for main remote: null
2025-05-02 11:01:08 WARN  o.s.c.c.s.e.MultipleJGitEnvironmentRepository - The local repository is dirty or ahead of origin. Resetting it to origin/main.
2025-05-02 11:01:08 WARN  o.s.c.c.s.e.MultipleJGitEnvironmentRepository - Could not reset to remote for main (current ref=refs/remotes/origin/main), remote: null
2025-05-02 11:01:08 INFO  o.s.c.c.s.e.NativeEnvironmentRepository - Adding property source: file:/Users/yulin/Documents/Antra/weather-master/properties/discovery-service-dev.properties
2025-05-02 11:01:16 INFO  o.s.c.c.s.e.MultipleJGitEnvironmentRepository - Cannot pull from remote null, the working tree is not clean.
2025-05-02 11:01:16 WARN  o.s.c.c.s.e.MultipleJGitEnvironmentRepository - Could not merge remote for main remote: null
2025-05-02 11:01:16 WARN  o.s.c.c.s.e.MultipleJGitEnvironmentRepository - The local repository is dirty or ahead of origin. Resetting it to origin/main.
2025-05-02 11:01:16 WARN  o.s.c.c.s.e.MultipleJGitEnvironmentRepository - Could not reset to remote for main (current ref=refs/remotes/origin/main), remote: null
2025-05-02 11:01:16 INFO  o.s.c.c.s.e.NativeEnvironmentRepository - Adding property source: file:/Users/yulin/Documents/Antra/weather-master/properties/gateway-dev.properties
2025-05-02 11:01:17 INFO  o.s.c.c.s.e.MultipleJGitEnvironmentRepository - Cannot pull from remote null, the working tree is not clean.
2025-05-02 11:01:17 WARN  o.s.c.c.s.e.MultipleJGitEnvironmentRepository - Could not merge remote for main remote: null
2025-05-02 11:01:17 WARN  o.s.c.c.s.e.MultipleJGitEnvironmentRepository - The local repository is dirty or ahead of origin. Resetting it to origin/main.
2025-05-02 11:01:17 WARN  o.s.c.c.s.e.MultipleJGitEnvironmentRepository - Could not reset to remote for main (current ref=refs/remotes/origin/main), remote: null
2025-05-02 11:01:17 INFO  o.s.c.c.s.e.NativeEnvironmentRepository - Adding property source: file:/Users/yulin/Documents/Antra/weather-master/properties/gateway-dev.properties
2025-05-02 11:01:24 INFO  o.s.c.c.s.e.MultipleJGitEnvironmentRepository - Cannot pull from remote null, the working tree is not clean.
2025-05-02 11:01:24 WARN  o.s.c.c.s.e.MultipleJGitEnvironmentRepository - Could not merge remote for main remote: null
2025-05-02 11:01:24 WARN  o.s.c.c.s.e.MultipleJGitEnvironmentRepository - The local repository is dirty or ahead of origin. Resetting it to origin/main.
2025-05-02 11:01:24 WARN  o.s.c.c.s.e.MultipleJGitEnvironmentRepository - Could not reset to remote for main (current ref=refs/remotes/origin/main), remote: null
2025-05-02 11:01:24 INFO  o.s.c.c.s.e.NativeEnvironmentRepository - Adding property source: file:/Users/yulin/Documents/Antra/weather-master/properties/details-dev.properties
2025-05-02 11:01:25 INFO  o.s.c.c.s.e.MultipleJGitEnvironmentRepository - Cannot pull from remote null, the working tree is not clean.
2025-05-02 11:01:25 WARN  o.s.c.c.s.e.MultipleJGitEnvironmentRepository - Could not merge remote for main remote: null
2025-05-02 11:01:25 WARN  o.s.c.c.s.e.MultipleJGitEnvironmentRepository - The local repository is dirty or ahead of origin. Resetting it to origin/main.
2025-05-02 11:01:25 WARN  o.s.c.c.s.e.MultipleJGitEnvironmentRepository - Could not reset to remote for main (current ref=refs/remotes/origin/main), remote: null
2025-05-02 11:01:25 INFO  o.s.c.c.s.e.NativeEnvironmentRepository - Adding property source: file:/Users/yulin/Documents/Antra/weather-master/properties/details-dev.properties
2025-05-02 11:09:09 INFO  o.s.c.c.s.e.MultipleJGitEnvironmentRepository - Cannot pull from remote null, the working tree is not clean.
2025-05-02 11:09:09 WARN  o.s.c.c.s.e.MultipleJGitEnvironmentRepository - Could not merge remote for main remote: null
2025-05-02 11:09:09 WARN  o.s.c.c.s.e.MultipleJGitEnvironmentRepository - The local repository is dirty or ahead of origin. Resetting it to origin/main.
2025-05-02 11:09:09 WARN  o.s.c.c.s.e.MultipleJGitEnvironmentRepository - Could not reset to remote for main (current ref=refs/remotes/origin/main), remote: null
2025-05-02 11:09:09 INFO  o.s.c.c.s.e.NativeEnvironmentRepository - Adding property source: file:/Users/yulin/Documents/Antra/weather-master/properties/student-management-service.properties
2025-05-02 11:09:14 INFO  o.s.s.c.ThreadPoolTaskExecutor - Shutting down ExecutorService 'applicationTaskExecutor'
2025-05-02 11:09:16 INFO  o.s.c.s.PostProcessorRegistrationDelegate$BeanPostProcessorChecker - Bean 'org.springframework.cloud.autoconfigure.ConfigurationPropertiesRebinderAutoConfiguration' of type [org.springframework.cloud.autoconfigure.ConfigurationPropertiesRebinderAutoConfiguration$$EnhancerBySpringCGLIB$$8d843fd0] is not eligible for getting processed by all BeanPostProcessors (for example: not eligible for auto-proxying)
2025-05-02 11:09:16 INFO  com.example.config.ConfigApplication - No active profile set, falling back to default profiles: default
2025-05-02 11:09:16 INFO  o.s.cloud.context.scope.GenericScope - BeanFactory id=42a4f72a-1205-3ffc-8e01-416d222f8f88
2025-05-02 11:09:16 INFO  o.s.c.s.PostProcessorRegistrationDelegate$BeanPostProcessorChecker - Bean 'org.springframework.cloud.autoconfigure.ConfigurationPropertiesRebinderAutoConfiguration' of type [org.springframework.cloud.autoconfigure.ConfigurationPropertiesRebinderAutoConfiguration$$EnhancerBySpringCGLIB$$8d843fd0] is not eligible for getting processed by all BeanPostProcessors (for example: not eligible for auto-proxying)
2025-05-02 11:09:16 INFO  o.s.b.w.e.tomcat.TomcatWebServer - Tomcat initialized with port(s): 8100 (http)
2025-05-02 11:09:16 INFO  o.a.coyote.http11.Http11NioProtocol - Initializing ProtocolHandler ["http-nio-8100"]
2025-05-02 11:09:16 INFO  o.a.catalina.core.StandardService - Starting service [Tomcat]
2025-05-02 11:09:16 INFO  o.a.catalina.core.StandardEngine - Starting Servlet engine: [Apache Tomcat/9.0.22]
2025-05-02 11:09:16 INFO  o.a.c.c.C.[Tomcat].[localhost].[/] - Initializing Spring embedded WebApplicationContext
2025-05-02 11:09:16 INFO  o.s.web.context.ContextLoader - Root WebApplicationContext: initialization completed in 391 ms
2025-05-02 11:09:17 INFO  o.s.s.c.ThreadPoolTaskExecutor - Initializing ExecutorService 'applicationTaskExecutor'
2025-05-02 11:09:17 INFO  o.s.b.a.e.web.EndpointLinksResolver - Exposing 18 endpoint(s) beneath base path '/actuator'
2025-05-02 11:09:17 INFO  o.a.coyote.http11.Http11NioProtocol - Starting ProtocolHandler ["http-nio-8100"]
2025-05-02 11:09:17 INFO  o.s.b.w.e.tomcat.TomcatWebServer - Tomcat started on port(s): 8100 (http) with context path ''
2025-05-02 11:09:17 INFO  com.example.config.ConfigApplication - Started ConfigApplication in 1.065 seconds (JVM running for 1.492)
2025-05-02 11:09:17 INFO  o.a.c.c.C.[Tomcat].[localhost].[/] - Initializing Spring DispatcherServlet 'dispatcherServlet'
2025-05-02 11:09:17 INFO  o.s.web.servlet.DispatcherServlet - Initializing Servlet 'dispatcherServlet'
2025-05-02 11:09:17 INFO  o.s.web.servlet.DispatcherServlet - Completed initialization in 3 ms
2025-05-02 11:09:17 INFO  o.s.c.c.s.e.MultipleJGitEnvironmentRepository - Cannot pull from remote null, the working tree is not clean.
2025-05-02 11:09:17 WARN  o.s.c.c.s.e.MultipleJGitEnvironmentRepository - Could not merge remote for main remote: null
2025-05-02 11:09:17 WARN  o.s.c.c.s.e.MultipleJGitEnvironmentRepository - The local repository is dirty or ahead of origin. Resetting it to origin/main.
2025-05-02 11:09:17 WARN  o.s.c.c.s.e.MultipleJGitEnvironmentRepository - Could not reset to remote for main (current ref=refs/remotes/origin/main), remote: null
2025-05-02 11:09:24 INFO  o.s.s.c.ThreadPoolTaskExecutor - Shutting down ExecutorService 'applicationTaskExecutor'
2025-05-02 11:09:26 INFO  o.s.c.s.PostProcessorRegistrationDelegate$BeanPostProcessorChecker - Bean 'org.springframework.cloud.autoconfigure.ConfigurationPropertiesRebinderAutoConfiguration' of type [org.springframework.cloud.autoconfigure.ConfigurationPropertiesRebinderAutoConfiguration$$EnhancerBySpringCGLIB$$cfcf9a4e] is not eligible for getting processed by all BeanPostProcessors (for example: not eligible for auto-proxying)
2025-05-02 11:09:26 INFO  com.example.config.ConfigApplication - No active profile set, falling back to default profiles: default
2025-05-02 11:09:27 INFO  o.s.cloud.context.scope.GenericScope - BeanFactory id=42a4f72a-1205-3ffc-8e01-416d222f8f88
2025-05-02 11:09:27 INFO  o.s.c.s.PostProcessorRegistrationDelegate$BeanPostProcessorChecker - Bean 'org.springframework.cloud.autoconfigure.ConfigurationPropertiesRebinderAutoConfiguration' of type [org.springframework.cloud.autoconfigure.ConfigurationPropertiesRebinderAutoConfiguration$$EnhancerBySpringCGLIB$$cfcf9a4e] is not eligible for getting processed by all BeanPostProcessors (for example: not eligible for auto-proxying)
2025-05-02 11:09:27 INFO  o.s.b.w.e.tomcat.TomcatWebServer - Tomcat initialized with port(s): 8100 (http)
2025-05-02 11:09:27 INFO  o.a.coyote.http11.Http11NioProtocol - Initializing ProtocolHandler ["http-nio-8100"]
2025-05-02 11:09:27 INFO  o.a.catalina.core.StandardService - Starting service [Tomcat]
2025-05-02 11:09:27 INFO  o.a.catalina.core.StandardEngine - Starting Servlet engine: [Apache Tomcat/9.0.22]
2025-05-02 11:09:27 INFO  o.a.c.c.C.[Tomcat].[localhost].[/] - Initializing Spring embedded WebApplicationContext
2025-05-02 11:09:27 INFO  o.s.web.context.ContextLoader - Root WebApplicationContext: initialization completed in 384 ms
2025-05-02 11:09:27 INFO  o.s.s.c.ThreadPoolTaskExecutor - Initializing ExecutorService 'applicationTaskExecutor'
2025-05-02 11:09:27 INFO  o.s.b.a.e.web.EndpointLinksResolver - Exposing 18 endpoint(s) beneath base path '/actuator'
2025-05-02 11:09:27 INFO  o.a.coyote.http11.Http11NioProtocol - Starting ProtocolHandler ["http-nio-8100"]
2025-05-02 11:09:27 INFO  o.s.b.w.e.tomcat.TomcatWebServer - Tomcat started on port(s): 8100 (http) with context path ''
2025-05-02 11:09:27 INFO  com.example.config.ConfigApplication - Started ConfigApplication in 1.04 seconds (JVM running for 1.262)
2025-05-02 11:09:28 INFO  o.a.c.c.C.[Tomcat].[localhost].[/] - Initializing Spring DispatcherServlet 'dispatcherServlet'
2025-05-02 11:09:28 INFO  o.s.web.servlet.DispatcherServlet - Initializing Servlet 'dispatcherServlet'
2025-05-02 11:09:28 INFO  o.s.web.servlet.DispatcherServlet - Completed initialization in 3 ms
2025-05-02 11:09:28 INFO  o.s.c.c.s.e.MultipleJGitEnvironmentRepository - Cannot pull from remote null, the working tree is not clean.
2025-05-02 11:09:28 WARN  o.s.c.c.s.e.MultipleJGitEnvironmentRepository - Could not merge remote for main remote: null
2025-05-02 11:09:28 WARN  o.s.c.c.s.e.MultipleJGitEnvironmentRepository - The local repository is dirty or ahead of origin. Resetting it to origin/main.
2025-05-02 11:09:28 WARN  o.s.c.c.s.e.MultipleJGitEnvironmentRepository - Could not reset to remote for main (current ref=refs/remotes/origin/main), remote: null
2025-05-02 11:09:34 INFO  o.s.c.c.s.e.MultipleJGitEnvironmentRepository - Cannot pull from remote null, the working tree is not clean.
2025-05-02 11:09:34 WARN  o.s.c.c.s.e.MultipleJGitEnvironmentRepository - Could not merge remote for main remote: null
2025-05-02 11:09:34 WARN  o.s.c.c.s.e.MultipleJGitEnvironmentRepository - The local repository is dirty or ahead of origin. Resetting it to origin/main.
2025-05-02 11:09:34 WARN  o.s.c.c.s.e.MultipleJGitEnvironmentRepository - Could not reset to remote for main (current ref=refs/remotes/origin/main), remote: null
2025-05-02 11:09:34 INFO  o.s.c.c.s.e.NativeEnvironmentRepository - Adding property source: file:/Users/yulin/Documents/Antra/weather-master/properties/discovery-service-dev.properties
2025-05-02 11:09:36 INFO  o.s.c.c.s.e.MultipleJGitEnvironmentRepository - Cannot pull from remote null, the working tree is not clean.
2025-05-02 11:09:36 WARN  o.s.c.c.s.e.MultipleJGitEnvironmentRepository - Could not merge remote for main remote: null
2025-05-02 11:09:36 WARN  o.s.c.c.s.e.MultipleJGitEnvironmentRepository - The local repository is dirty or ahead of origin. Resetting it to origin/main.
2025-05-02 11:09:36 WARN  o.s.c.c.s.e.MultipleJGitEnvironmentRepository - Could not reset to remote for main (current ref=refs/remotes/origin/main), remote: null
2025-05-02 11:09:36 INFO  o.s.c.c.s.e.NativeEnvironmentRepository - Adding property source: file:/Users/yulin/Documents/Antra/weather-master/properties/discovery-service-dev.properties
2025-05-02 11:10:33 INFO  o.s.c.c.s.e.MultipleJGitEnvironmentRepository - Cannot pull from remote null, the working tree is not clean.
2025-05-02 11:10:33 WARN  o.s.c.c.s.e.MultipleJGitEnvironmentRepository - Could not merge remote for main remote: null
2025-05-02 11:10:33 WARN  o.s.c.c.s.e.MultipleJGitEnvironmentRepository - The local repository is dirty or ahead of origin. Resetting it to origin/main.
2025-05-02 11:10:33 WARN  o.s.c.c.s.e.MultipleJGitEnvironmentRepository - Could not reset to remote for main (current ref=refs/remotes/origin/main), remote: null
2025-05-02 11:10:33 INFO  o.s.c.c.s.e.NativeEnvironmentRepository - Adding property source: file:/Users/yulin/Documents/Antra/weather-master/properties/student-management-service.properties
2025-05-02 11:12:05 INFO  o.s.s.c.ThreadPoolTaskExecutor - Shutting down ExecutorService 'applicationTaskExecutor'
2025-05-02 11:12:06 INFO  o.s.c.s.PostProcessorRegistrationDelegate$BeanPostProcessorChecker - Bean 'org.springframework.cloud.autoconfigure.ConfigurationPropertiesRebinderAutoConfiguration' of type [org.springframework.cloud.autoconfigure.ConfigurationPropertiesRebinderAutoConfiguration$$EnhancerBySpringCGLIB$$bf7db987] is not eligible for getting processed by all BeanPostProcessors (for example: not eligible for auto-proxying)
2025-05-02 11:12:06 INFO  com.example.config.ConfigApplication - No active profile set, falling back to default profiles: default
2025-05-02 11:12:07 INFO  o.s.cloud.context.scope.GenericScope - BeanFactory id=42a4f72a-1205-3ffc-8e01-416d222f8f88
2025-05-02 11:12:07 INFO  o.s.c.s.PostProcessorRegistrationDelegate$BeanPostProcessorChecker - Bean 'org.springframework.cloud.autoconfigure.ConfigurationPropertiesRebinderAutoConfiguration' of type [org.springframework.cloud.autoconfigure.ConfigurationPropertiesRebinderAutoConfiguration$$EnhancerBySpringCGLIB$$bf7db987] is not eligible for getting processed by all BeanPostProcessors (for example: not eligible for auto-proxying)
2025-05-02 11:12:07 INFO  o.s.b.w.e.tomcat.TomcatWebServer - Tomcat initialized with port(s): 8100 (http)
2025-05-02 11:12:07 INFO  o.a.coyote.http11.Http11NioProtocol - Initializing ProtocolHandler ["http-nio-8100"]
2025-05-02 11:12:07 INFO  o.a.catalina.core.StandardService - Starting service [Tomcat]
2025-05-02 11:12:07 INFO  o.a.catalina.core.StandardEngine - Starting Servlet engine: [Apache Tomcat/9.0.22]
2025-05-02 11:12:07 INFO  o.a.c.c.C.[Tomcat].[localhost].[/] - Initializing Spring embedded WebApplicationContext
2025-05-02 11:12:07 INFO  o.s.web.context.ContextLoader - Root WebApplicationContext: initialization completed in 371 ms
2025-05-02 11:12:07 INFO  o.s.s.c.ThreadPoolTaskExecutor - Initializing ExecutorService 'applicationTaskExecutor'
2025-05-02 11:12:07 INFO  o.s.b.a.e.web.EndpointLinksResolver - Exposing 18 endpoint(s) beneath base path '/actuator'
2025-05-02 11:12:07 INFO  o.a.coyote.http11.Http11NioProtocol - Starting ProtocolHandler ["http-nio-8100"]
2025-05-02 11:12:07 INFO  o.s.b.w.e.tomcat.TomcatWebServer - Tomcat started on port(s): 8100 (http) with context path ''
2025-05-02 11:12:07 INFO  com.example.config.ConfigApplication - Started ConfigApplication in 1.06 seconds (JVM running for 1.499)
2025-05-02 11:12:07 INFO  o.a.c.c.C.[Tomcat].[localhost].[/] - Initializing Spring DispatcherServlet 'dispatcherServlet'
2025-05-02 11:12:07 INFO  o.s.web.servlet.DispatcherServlet - Initializing Servlet 'dispatcherServlet'
2025-05-02 11:12:07 INFO  o.s.web.servlet.DispatcherServlet - Completed initialization in 3 ms
2025-05-02 11:12:08 INFO  o.s.c.c.s.e.MultipleJGitEnvironmentRepository - Cannot pull from remote null, the working tree is not clean.
2025-05-02 11:12:08 WARN  o.s.c.c.s.e.MultipleJGitEnvironmentRepository - Could not merge remote for main remote: null
2025-05-02 11:12:08 WARN  o.s.c.c.s.e.MultipleJGitEnvironmentRepository - The local repository is dirty or ahead of origin. Resetting it to origin/main.
2025-05-02 11:12:08 WARN  o.s.c.c.s.e.MultipleJGitEnvironmentRepository - Could not reset to remote for main (current ref=refs/remotes/origin/main), remote: null
2025-05-02 11:12:14 INFO  o.s.c.c.s.e.MultipleJGitEnvironmentRepository - Cannot pull from remote null, the working tree is not clean.
2025-05-02 11:12:14 WARN  o.s.c.c.s.e.MultipleJGitEnvironmentRepository - Could not merge remote for main remote: null
2025-05-02 11:12:14 WARN  o.s.c.c.s.e.MultipleJGitEnvironmentRepository - The local repository is dirty or ahead of origin. Resetting it to origin/main.
2025-05-02 11:12:14 WARN  o.s.c.c.s.e.MultipleJGitEnvironmentRepository - Could not reset to remote for main (current ref=refs/remotes/origin/main), remote: null
2025-05-02 11:12:14 INFO  o.s.c.c.s.e.NativeEnvironmentRepository - Adding property source: file:/Users/yulin/Documents/Antra/weather-master/properties/discovery-service-dev.properties
2025-05-02 11:12:15 INFO  o.s.c.c.s.e.MultipleJGitEnvironmentRepository - Cannot pull from remote null, the working tree is not clean.
2025-05-02 11:12:15 WARN  o.s.c.c.s.e.MultipleJGitEnvironmentRepository - Could not merge remote for main remote: null
2025-05-02 11:12:15 WARN  o.s.c.c.s.e.MultipleJGitEnvironmentRepository - The local repository is dirty or ahead of origin. Resetting it to origin/main.
2025-05-02 11:12:15 WARN  o.s.c.c.s.e.MultipleJGitEnvironmentRepository - Could not reset to remote for main (current ref=refs/remotes/origin/main), remote: null
2025-05-02 11:12:15 INFO  o.s.c.c.s.e.NativeEnvironmentRepository - Adding property source: file:/Users/yulin/Documents/Antra/weather-master/properties/discovery-service-dev.properties
2025-05-02 11:12:25 INFO  o.s.c.c.s.e.MultipleJGitEnvironmentRepository - Cannot pull from remote null, the working tree is not clean.
2025-05-02 11:12:25 WARN  o.s.c.c.s.e.MultipleJGitEnvironmentRepository - Could not merge remote for main remote: null
2025-05-02 11:12:25 WARN  o.s.c.c.s.e.MultipleJGitEnvironmentRepository - The local repository is dirty or ahead of origin. Resetting it to origin/main.
2025-05-02 11:12:25 WARN  o.s.c.c.s.e.MultipleJGitEnvironmentRepository - Could not reset to remote for main (current ref=refs/remotes/origin/main), remote: null
2025-05-02 11:12:25 INFO  o.s.c.c.s.e.NativeEnvironmentRepository - Adding property source: file:/Users/yulin/Documents/Antra/weather-master/properties/gateway-dev.properties
2025-05-02 11:12:27 INFO  o.s.c.c.s.e.MultipleJGitEnvironmentRepository - Cannot pull from remote null, the working tree is not clean.
2025-05-02 11:12:27 WARN  o.s.c.c.s.e.MultipleJGitEnvironmentRepository - Could not merge remote for main remote: null
2025-05-02 11:12:27 WARN  o.s.c.c.s.e.MultipleJGitEnvironmentRepository - The local repository is dirty or ahead of origin. Resetting it to origin/main.
2025-05-02 11:12:27 WARN  o.s.c.c.s.e.MultipleJGitEnvironmentRepository - Could not reset to remote for main (current ref=refs/remotes/origin/main), remote: null
2025-05-02 11:12:27 INFO  o.s.c.c.s.e.NativeEnvironmentRepository - Adding property source: file:/Users/yulin/Documents/Antra/weather-master/properties/gateway-dev.properties
2025-05-02 11:12:34 INFO  o.s.c.c.s.e.MultipleJGitEnvironmentRepository - Cannot pull from remote null, the working tree is not clean.
2025-05-02 11:12:34 WARN  o.s.c.c.s.e.MultipleJGitEnvironmentRepository - Could not merge remote for main remote: null
2025-05-02 11:12:34 WARN  o.s.c.c.s.e.MultipleJGitEnvironmentRepository - The local repository is dirty or ahead of origin. Resetting it to origin/main.
2025-05-02 11:12:34 WARN  o.s.c.c.s.e.MultipleJGitEnvironmentRepository - Could not reset to remote for main (current ref=refs/remotes/origin/main), remote: null
2025-05-02 11:12:34 INFO  o.s.c.c.s.e.NativeEnvironmentRepository - Adding property source: file:/Users/yulin/Documents/Antra/weather-master/properties/search-dev.properties
2025-05-02 11:12:34 WARN  o.s.c.c.s.e.CipherEnvironmentEncryptor - Cannot decrypt key: eureka.client.serviceUrl.defaultZone (class java.lang.IllegalStateException: Cannot load keys from store: URL [file:/Users/yulin/Documents/Antra/weather-master/config/src/main/resources/my-keystore.p12])
2025-05-02 11:12:36 INFO  o.s.c.c.s.e.MultipleJGitEnvironmentRepository - Cannot pull from remote null, the working tree is not clean.
2025-05-02 11:12:36 WARN  o.s.c.c.s.e.MultipleJGitEnvironmentRepository - Could not merge remote for main remote: null
2025-05-02 11:12:36 WARN  o.s.c.c.s.e.MultipleJGitEnvironmentRepository - The local repository is dirty or ahead of origin. Resetting it to origin/main.
2025-05-02 11:12:36 WARN  o.s.c.c.s.e.MultipleJGitEnvironmentRepository - Could not reset to remote for main (current ref=refs/remotes/origin/main), remote: null
2025-05-02 11:12:36 INFO  o.s.c.c.s.e.NativeEnvironmentRepository - Adding property source: file:/Users/yulin/Documents/Antra/weather-master/properties/search-dev.properties
2025-05-02 11:12:36 WARN  o.s.c.c.s.e.CipherEnvironmentEncryptor - Cannot decrypt key: eureka.client.serviceUrl.defaultZone (class java.lang.IllegalStateException: Cannot load keys from store: URL [file:/Users/yulin/Documents/Antra/weather-master/config/src/main/resources/my-keystore.p12])
2025-05-02 11:12:43 INFO  o.s.c.c.s.e.MultipleJGitEnvironmentRepository - Cannot pull from remote null, the working tree is not clean.
2025-05-02 11:12:43 WARN  o.s.c.c.s.e.MultipleJGitEnvironmentRepository - Could not merge remote for main remote: null
2025-05-02 11:12:43 WARN  o.s.c.c.s.e.MultipleJGitEnvironmentRepository - The local repository is dirty or ahead of origin. Resetting it to origin/main.
2025-05-02 11:12:43 WARN  o.s.c.c.s.e.MultipleJGitEnvironmentRepository - Could not reset to remote for main (current ref=refs/remotes/origin/main), remote: null
2025-05-02 11:12:43 INFO  o.s.c.c.s.e.NativeEnvironmentRepository - Adding property source: file:/Users/yulin/Documents/Antra/weather-master/properties/details-dev.properties
2025-05-02 11:12:45 INFO  o.s.c.c.s.e.MultipleJGitEnvironmentRepository - Cannot pull from remote null, the working tree is not clean.
2025-05-02 11:12:45 WARN  o.s.c.c.s.e.MultipleJGitEnvironmentRepository - Could not merge remote for main remote: null
2025-05-02 11:12:45 WARN  o.s.c.c.s.e.MultipleJGitEnvironmentRepository - The local repository is dirty or ahead of origin. Resetting it to origin/main.
2025-05-02 11:12:45 WARN  o.s.c.c.s.e.MultipleJGitEnvironmentRepository - Could not reset to remote for main (current ref=refs/remotes/origin/main), remote: null
2025-05-02 11:12:45 INFO  o.s.c.c.s.e.NativeEnvironmentRepository - Adding property source: file:/Users/yulin/Documents/Antra/weather-master/properties/details-dev.properties
2025-05-02 11:12:51 INFO  o.s.c.c.s.e.MultipleJGitEnvironmentRepository - Cannot pull from remote null, the working tree is not clean.
2025-05-02 11:12:51 WARN  o.s.c.c.s.e.MultipleJGitEnvironmentRepository - Could not merge remote for main remote: null
2025-05-02 11:12:51 WARN  o.s.c.c.s.e.MultipleJGitEnvironmentRepository - The local repository is dirty or ahead of origin. Resetting it to origin/main.
2025-05-02 11:12:51 WARN  o.s.c.c.s.e.MultipleJGitEnvironmentRepository - Could not reset to remote for main (current ref=refs/remotes/origin/main), remote: null
2025-05-02 11:12:52 INFO  o.s.c.c.s.e.NativeEnvironmentRepository - Adding property source: file:/Users/yulin/Documents/Antra/weather-master/properties/student-management-service.properties
2025-05-02 11:12:55 INFO  o.s.c.c.s.e.MultipleJGitEnvironmentRepository - Cannot pull from remote null, the working tree is not clean.
2025-05-02 11:12:55 WARN  o.s.c.c.s.e.MultipleJGitEnvironmentRepository - Could not merge remote for main remote: null
2025-05-02 11:12:55 WARN  o.s.c.c.s.e.MultipleJGitEnvironmentRepository - The local repository is dirty or ahead of origin. Resetting it to origin/main.
2025-05-02 11:12:55 WARN  o.s.c.c.s.e.MultipleJGitEnvironmentRepository - Could not reset to remote for main (current ref=refs/remotes/origin/main), remote: null
2025-05-02 11:12:55 INFO  o.s.c.c.s.e.NativeEnvironmentRepository - Adding property source: file:/Users/yulin/Documents/Antra/weather-master/properties/student-management-service.properties
